.\build-dew\Reaktoro\Release\reaktoro-cpptests.exe : [1;33m***WARNING***
At line:1 char:1
+ .\build-dew\Reaktoro\Release\reaktoro-cpptests.exe 2>&1 > test_output ...
+ ~~~~~~~~~~~~~~~~~~~~~~~~~~~~~~~~~~~~~~~~~~~~~~~~~~~~~~~~~~~~~~~~~~~~~
    + CategoryInfo          : NotSpecified: ([1;33m***WARNING***:String) [], RemoteException
    + FullyQualifiedErrorId : NativeCommandError
 
Species with same aggregate state should have unique names in Database, but species `H2O(aq)` with aggregate state `Aqueous` violates this rule. The unique name 
H2O(aq)! has been assigned instead.

~~~~~~~~~~~~~~~~~~~~~~~~~~~~~~~~~~~~~~~~~~~~~~~~~~~~~~~~~~~~~~~~~~~~~~~~~~~~~~~
reaktoro-cpptests.exe is a Catch v2.13.9 host application.
Run with -? for options

-------------------------------------------------------------------------------
Density ZD2005 matches truth table
-------------------------------------------------------------------------------
C:\Users\stanroozen\Documents\Projects\reaktoro-dev\reaktoro\Reaktoro\Extensions\DEW\WaterDEW.test.cxx(128)
...............................................................................

C:\Users\stanroozen\Documents\Projects\reaktoro-dev\reaktoro\Reaktoro\Extensions\DEW\WaterDEW.test.cxx(152): FAILED:
  REQUIRE( almost_equal(rho_model, rho_truth, ABS_TOL, REL_TOL) )
with expansion:
  false
with messages:
  ZD2005: T=0 C, P=1000 bar
    Model value:  1.04179 g/cm3
    Truth value:  1.04179 g/cm3
    Difference:   7.45056e-08 g/cm3
    Rel. error:   7.15168e-06 %

-------------------------------------------------------------------------------
drhodP ZD2005 matches truth table
-------------------------------------------------------------------------------
C:\Users\stanroozen\Documents\Projects\reaktoro-dev\reaktoro\Reaktoro\Extensions\DEW\WaterDEW.test.cxx(211)
...............................................................................

C:\Users\stanroozen\Documents\Projects\reaktoro-dev\reaktoro\Reaktoro\Extensions\DEW\WaterDEW.test.cxx(231): FAILED:
  REQUIRE( almost_equal(drhodP_model, drhodP_truth, ABS_TOL, REL_TOL) )
with expansion:
  false
with message:
  drhodP ZD2005: T=0 C, P=1000 bar

-------------------------------------------------------------------------------
Omega(P,T) for all species matches truth table
-------------------------------------------------------------------------------
C:\Users\stanroozen\Documents\Projects\reaktoro-dev\reaktoro\Reaktoro\Extensions\DEW\WaterDEW.test.cxx(526)
...............................................................................

C:\Users\stanroozen\Documents\Projects\reaktoro-dev\reaktoro\Reaktoro\Extensions\DEW\WaterDEW.test.cxx(568): FAILED:
  REQUIRE( almost_equal(domega_model, domega_truth, ABS_TOL, REL_TOL) )
with expansion:
  false
with messages:
  dOmega/dP: ACETATE,AQ, T=500 C, P=500 bar
    Model value:  -75.0584 cal/mol/bar
    Truth value:  -75.0591 cal/mol/bar
    Difference:   0.000766176 cal/mol/bar
    Rel. error:   0.00102076 %

-------------------------------------------------------------------------------
Born Q(densEq1, epsEq4) matches truth table
-------------------------------------------------------------------------------
C:\Users\stanroozen\Documents\Projects\reaktoro-dev\reaktoro\Reaktoro\Extensions\DEW\WaterDEW.test.cxx(577)
...............................................................................

C:\Users\stanroozen\Documents\Projects\reaktoro-dev\reaktoro\Reaktoro\Extensions\DEW\WaterDEW.test.cxx(597): FAILED:
  REQUIRE( almost_equal(Q_model, Q_truth, ABS_TOL, REL_TOL) )
with expansion:
  false
with message:
  Q(densEq1,epsEq4): T=125 C, P=1000 bar

DEBUG per-species at T=650 C, P=15 kb
H2O: G0=-279230 J/mol, V0=1.73538e-05 m3/mol, P*V=26030.6 J/mol
CO2: G0=-449707 J/mol, V0=3.22649e-05 m3/mol, P*V=48397.3 J/mol
H+: G0=0 J/mol, V0=0 m3/mol, P*V=0 J/mol
HCO3-: G0=-615872 J/mol, V0=2.81876e-05 m3/mol, P*V=42281.4 J/mol
G_rxn_model=113065, G_rxn_truth=112985, abs_err=80.3359 J/mol
Truth H2O G0=-279136 J/mol, CO2 G0=-449712 J/mol, H+ G0=0 J/mol, HCO3 G0=-615863 J/mol
-------------------------------------------------------------------------------
DEW reaction thermodynamics: H2O + CO2,aq = H+ + HCO3-
-------------------------------------------------------------------------------
C:\Users\stanroozen\Documents\Projects\reaktoro-dev\reaktoro\Reaktoro\Extensions\DEW\WaterDEW.test.cxx(601)
...............................................................................

C:\Users\stanroozen\Documents\Projects\reaktoro-dev\reaktoro\Reaktoro\Extensions\DEW\WaterDEW.test.cxx(772): FAILED:
  CHECK( almost_equal(G_rxn_model, G_rxn_truth, G_ABS_TOL, G_REL_TOL) )
with expansion:
  false
with message:
  ╬öGr mismatch at T=600┬░C, P=20kb: model=91915.1, truth=91818.6, abs_err=96.
  5088, rel_err=0.00105108

C:\Users\stanroozen\Documents\Projects\reaktoro-dev\reaktoro\Reaktoro\Extensions\DEW\WaterDEW.test.cxx(772): FAILED:
  CHECK( almost_equal(G_rxn_model, G_rxn_truth, G_ABS_TOL, G_REL_TOL) )
with expansion:
  false
with message:
  ╬öGr mismatch at T=650┬░C, P=20kb: model=101750, truth=101637, abs_err=112.
  411, rel_err=0.00110601

C:\Users\stanroozen\Documents\Projects\reaktoro-dev\reaktoro\Reaktoro\Extensions\DEW\WaterDEW.test.cxx(772): FAILED:
  CHECK( almost_equal(G_rxn_model, G_rxn_truth, G_ABS_TOL, G_REL_TOL) )
with expansion:
  false
with message:
  ╬öGr mismatch at T=700┬░C, P=20kb: model=111987, truth=111859, abs_err=127.
  302, rel_err=0.00113806

C:\Users\stanroozen\Documents\Projects\reaktoro-dev\reaktoro\Reaktoro\Extensions\DEW\WaterDEW.test.cxx(772): FAILED:
  CHECK( almost_equal(G_rxn_model, G_rxn_truth, G_ABS_TOL, G_REL_TOL) )
with expansion:
  false
with message:
  ╬öGr mismatch at T=750┬░C, P=20kb: model=122632, truth=122491, abs_err=141.
  121, rel_err=0.00115209

C:\Users\stanroozen\Documents\Projects\reaktoro-dev\reaktoro\Reaktoro\Extensions\DEW\WaterDEW.test.cxx(772): FAILED:
  CHECK( almost_equal(G_rxn_model, G_rxn_truth, G_ABS_TOL, G_REL_TOL) )
with expansion:
  false
with message:
  ╬öGr mismatch at T=800┬░C, P=20kb: model=133679, truth=133524, abs_err=154.
  229, rel_err=0.00115506

C:\Users\stanroozen\Documents\Projects\reaktoro-dev\reaktoro\Reaktoro\Extensions\DEW\WaterDEW.test.cxx(772): FAILED:
  CHECK( almost_equal(G_rxn_model, G_rxn_truth, G_ABS_TOL, G_REL_TOL) )
with expansion:
  false
with message:
  ╬öGr mismatch at T=850┬░C, P=20kb: model=145113, truth=144946, abs_err=166.
  917, rel_err=0.00115158

C:\Users\stanroozen\Documents\Projects\reaktoro-dev\reaktoro\Reaktoro\Extensions\DEW\WaterDEW.test.cxx(772): FAILED:
  CHECK( almost_equal(G_rxn_model, G_rxn_truth, G_ABS_TOL, G_REL_TOL) )
with expansion:
  false
with message:
  ╬öGr mismatch at T=900┬░C, P=20kb: model=156916, truth=156737, abs_err=179.
  14, rel_err=0.00114293

C:\Users\stanroozen\Documents\Projects\reaktoro-dev\reaktoro\Reaktoro\Extensions\DEW\WaterDEW.test.cxx(772): FAILED:
  CHECK( almost_equal(G_rxn_model, G_rxn_truth, G_ABS_TOL, G_REL_TOL) )
with expansion:
  false
with message:
  ╬öGr mismatch at T=950┬░C, P=20kb: model=169061, truth=168870, abs_err=190.
  992, rel_err=0.001131

C:\Users\stanroozen\Documents\Projects\reaktoro-dev\reaktoro\Reaktoro\Extensions\DEW\WaterDEW.test.cxx(772): FAILED:
  CHECK( almost_equal(G_rxn_model, G_rxn_truth, G_ABS_TOL, G_REL_TOL) )
with expansion:
  false
with message:
  ╬öGr mismatch at T=1000┬░C, P=20kb: model=181520, truth=181318, abs_err=202.
  542, rel_err=0.00111706

C:\Users\stanroozen\Documents\Projects\reaktoro-dev\reaktoro\Reaktoro\Extensions\DEW\WaterDEW.test.cxx(772): FAILED:
  CHECK( almost_equal(G_rxn_model, G_rxn_truth, G_ABS_TOL, G_REL_TOL) )
with expansion:
  false
with message:
  ╬öGr mismatch at T=300┬░C, P=25kb: model=33704.4, truth=33651.2, abs_err=53.
  2516, rel_err=0.00158246

C:\Users\stanroozen\Documents\Projects\reaktoro-dev\reaktoro\Reaktoro\Extensions\DEW\WaterDEW.test.cxx(772): FAILED:
  CHECK( almost_equal(G_rxn_model, G_rxn_truth, G_ABS_TOL, G_REL_TOL) )
with expansion:
  false
with message:
  ╬öGr mismatch at T=350┬░C, P=25kb: model=41009.3, truth=40950.5, abs_err=58.
  7512, rel_err=0.00143469

C:\Users\stanroozen\Documents\Projects\reaktoro-dev\reaktoro\Reaktoro\Extensions\DEW\WaterDEW.test.cxx(772): FAILED:
  CHECK( almost_equal(G_rxn_model, G_rxn_truth, G_ABS_TOL, G_REL_TOL) )
with expansion:
  false
with message:
  ╬öGr mismatch at T=400┬░C, P=25kb: model=48682.8, truth=48617.3, abs_err=65.
  5282, rel_err=0.00134784

C:\Users\stanroozen\Documents\Projects\reaktoro-dev\reaktoro\Reaktoro\Extensions\DEW\WaterDEW.test.cxx(772): FAILED:
  CHECK( almost_equal(G_rxn_model, G_rxn_truth, G_ABS_TOL, G_REL_TOL) )
with expansion:
  false
with message:
  ╬öGr mismatch at T=450┬░C, P=25kb: model=56717.9, truth=56643.5, abs_err=74.
  4398, rel_err=0.00131418

C:\Users\stanroozen\Documents\Projects\reaktoro-dev\reaktoro\Reaktoro\Extensions\DEW\WaterDEW.test.cxx(772): FAILED:
  CHECK( almost_equal(G_rxn_model, G_rxn_truth, G_ABS_TOL, G_REL_TOL) )
with expansion:
  false
with message:
  ╬öGr mismatch at T=500┬░C, P=25kb: model=65097.4, truth=65010.5, abs_err=86.
  9473, rel_err=0.00133743

C:\Users\stanroozen\Documents\Projects\reaktoro-dev\reaktoro\Reaktoro\Extensions\DEW\WaterDEW.test.cxx(772): FAILED:
  CHECK( almost_equal(G_rxn_model, G_rxn_truth, G_ABS_TOL, G_REL_TOL) )
with expansion:
  false
with message:
  ╬öGr mismatch at T=550┬░C, P=25kb: model=73802.3, truth=73697.9, abs_err=104.
  407, rel_err=0.00141669

C:\Users\stanroozen\Documents\Projects\reaktoro-dev\reaktoro\Reaktoro\Extensions\DEW\WaterDEW.test.cxx(772): FAILED:
  CHECK( almost_equal(G_rxn_model, G_rxn_truth, G_ABS_TOL, G_REL_TOL) )
with expansion:
  false
with message:
  ╬öGr mismatch at T=600┬░C, P=25kb: model=82835.1, truth=82710.5, abs_err=124.
  578, rel_err=0.0015062

C:\Users\stanroozen\Documents\Projects\reaktoro-dev\reaktoro\Reaktoro\Extensions\DEW\WaterDEW.test.cxx(772): FAILED:
  CHECK( almost_equal(G_rxn_model, G_rxn_truth, G_ABS_TOL, G_REL_TOL) )
with expansion:
  false
with message:
  ╬öGr mismatch at T=650┬░C, P=25kb: model=92222.1, truth=92077.8, abs_err=144.
  338, rel_err=0.00156757

C:\Users\stanroozen\Documents\Projects\reaktoro-dev\reaktoro\Reaktoro\Extensions\DEW\WaterDEW.test.cxx(772): FAILED:
  CHECK( almost_equal(G_rxn_model, G_rxn_truth, G_ABS_TOL, G_REL_TOL) )
with expansion:
  false
with message:
  ╬öGr mismatch at T=700┬░C, P=25kb: model=101984, truth=101822, abs_err=162.
  561, rel_err=0.00159653

C:\Users\stanroozen\Documents\Projects\reaktoro-dev\reaktoro\Reaktoro\Extensions\DEW\WaterDEW.test.cxx(772): FAILED:
  CHECK( almost_equal(G_rxn_model, G_rxn_truth, G_ABS_TOL, G_REL_TOL) )
with expansion:
  false
with message:
  ╬öGr mismatch at T=750┬░C, P=25kb: model=112127, truth=111948, abs_err=179.
  614, rel_err=0.00160445

C:\Users\stanroozen\Documents\Projects\reaktoro-dev\reaktoro\Reaktoro\Extensions\DEW\WaterDEW.test.cxx(772): FAILED:
  CHECK( almost_equal(G_rxn_model, G_rxn_truth, G_ABS_TOL, G_REL_TOL) )
with expansion:
  false
with message:
  ╬öGr mismatch at T=800┬░C, P=25kb: model=122647, truth=122451, abs_err=195.
  861, rel_err=0.0015995

C:\Users\stanroozen\Documents\Projects\reaktoro-dev\reaktoro\Reaktoro\Extensions\DEW\WaterDEW.test.cxx(772): FAILED:
  CHECK( almost_equal(G_rxn_model, G_rxn_truth, G_ABS_TOL, G_REL_TOL) )
with expansion:
  false
with message:
  ╬öGr mismatch at T=850┬░C, P=25kb: model=133530, truth=133318, abs_err=211.
  449, rel_err=0.00158605

C:\Users\stanroozen\Documents\Projects\reaktoro-dev\reaktoro\Reaktoro\Extensions\DEW\WaterDEW.test.cxx(772): FAILED:
  CHECK( almost_equal(G_rxn_model, G_rxn_truth, G_ABS_TOL, G_REL_TOL) )
with expansion:
  false
with message:
  ╬öGr mismatch at T=900┬░C, P=25kb: model=144758, truth=144532, abs_err=226.
  329, rel_err=0.00156595

C:\Users\stanroozen\Documents\Projects\reaktoro-dev\reaktoro\Reaktoro\Extensions\DEW\WaterDEW.test.cxx(772): FAILED:
  CHECK( almost_equal(G_rxn_model, G_rxn_truth, G_ABS_TOL, G_REL_TOL) )
with expansion:
  false
with message:
  ╬öGr mismatch at T=950┬░C, P=25kb: model=156309, truth=156068, abs_err=240.
  862, rel_err=0.00154331

C:\Users\stanroozen\Documents\Projects\reaktoro-dev\reaktoro\Reaktoro\Extensions\DEW\WaterDEW.test.cxx(772): FAILED:
  CHECK( almost_equal(G_rxn_model, G_rxn_truth, G_ABS_TOL, G_REL_TOL) )
with expansion:
  false
with message:
  ╬öGr mismatch at T=1000┬░C, P=25kb: model=168155, truth=167900, abs_err=255.
  043, rel_err=0.00151902

C:\Users\stanroozen\Documents\Projects\reaktoro-dev\reaktoro\Reaktoro\Extensions\DEW\WaterDEW.test.cxx(772): FAILED:
  CHECK( almost_equal(G_rxn_model, G_rxn_truth, G_ABS_TOL, G_REL_TOL) )
with expansion:
  false
with message:
  ╬öGr mismatch at T=300┬░C, P=30kb: model=27202.1, truth=27133.9, abs_err=68.
  1967, rel_err=0.00251334

C:\Users\stanroozen\Documents\Projects\reaktoro-dev\reaktoro\Reaktoro\Extensions\DEW\WaterDEW.test.cxx(772): FAILED:
  CHECK( almost_equal(G_rxn_model, G_rxn_truth, G_ABS_TOL, G_REL_TOL) )
with expansion:
  false
with message:
  ╬öGr mismatch at T=350┬░C, P=30kb: model=34292, truth=34217.5, abs_err=74.
  496, rel_err=0.00217713

C:\Users\stanroozen\Documents\Projects\reaktoro-dev\reaktoro\Reaktoro\Extensions\DEW\WaterDEW.test.cxx(772): FAILED:
  CHECK( almost_equal(G_rxn_model, G_rxn_truth, G_ABS_TOL, G_REL_TOL) )
with expansion:
  false
with message:
  ╬öGr mismatch at T=400┬░C, P=30kb: model=41730.2, truth=41647.9, abs_err=82.
  3347, rel_err=0.00197693

C:\Users\stanroozen\Documents\Projects\reaktoro-dev\reaktoro\Reaktoro\Extensions\DEW\WaterDEW.test.cxx(772): FAILED:
  CHECK( almost_equal(G_rxn_model, G_rxn_truth, G_ABS_TOL, G_REL_TOL) )
with expansion:
  false
with message:
  ╬öGr mismatch at T=450┬░C, P=30kb: model=49509.7, truth=49417, abs_err=92.
  7694, rel_err=0.00187728

C:\Users\stanroozen\Documents\Projects\reaktoro-dev\reaktoro\Reaktoro\Extensions\DEW\WaterDEW.test.cxx(772): FAILED:
  CHECK( almost_equal(G_rxn_model, G_rxn_truth, G_ABS_TOL, G_REL_TOL) )
with expansion:
  false
with message:
  ╬öGr mismatch at T=500┬░C, P=30kb: model=57613.6, truth=57506, abs_err=107.
  587, rel_err=0.00187088

C:\Users\stanroozen\Documents\Projects\reaktoro-dev\reaktoro\Reaktoro\Extensions\DEW\WaterDEW.test.cxx(772): FAILED:
  CHECK( almost_equal(G_rxn_model, G_rxn_truth, G_ABS_TOL, G_REL_TOL) )
with expansion:
  false
with message:
  ╬öGr mismatch at T=550┬░C, P=30kb: model=66022.8, truth=65894.5, abs_err=128.
  377, rel_err=0.00194822

C:\Users\stanroozen\Documents\Projects\reaktoro-dev\reaktoro\Reaktoro\Extensions\DEW\WaterDEW.test.cxx(772): FAILED:
  CHECK( almost_equal(G_rxn_model, G_rxn_truth, G_ABS_TOL, G_REL_TOL) )
with expansion:
  false
with message:
  ╬öGr mismatch at T=600┬░C, P=30kb: model=74740.4, truth=74587.9, abs_err=152.
  529, rel_err=0.00204496

C:\Users\stanroozen\Documents\Projects\reaktoro-dev\reaktoro\Reaktoro\Extensions\DEW\WaterDEW.test.cxx(772): FAILED:
  CHECK( almost_equal(G_rxn_model, G_rxn_truth, G_ABS_TOL, G_REL_TOL) )
with expansion:
  false
with message:
  ╬öGr mismatch at T=650┬░C, P=30kb: model=83792.9, truth=83616.9, abs_err=175.
  982, rel_err=0.00210462

C:\Users\stanroozen\Documents\Projects\reaktoro-dev\reaktoro\Reaktoro\Extensions\DEW\WaterDEW.test.cxx(772): FAILED:
  CHECK( almost_equal(G_rxn_model, G_rxn_truth, G_ABS_TOL, G_REL_TOL) )
with expansion:
  false
with message:
  ╬öGr mismatch at T=700┬░C, P=30kb: model=93201.7, truth=93004, abs_err=197.
  738, rel_err=0.00212612

C:\Users\stanroozen\Documents\Projects\reaktoro-dev\reaktoro\Reaktoro\Extensions\DEW\WaterDEW.test.cxx(772): FAILED:
  CHECK( almost_equal(G_rxn_model, G_rxn_truth, G_ABS_TOL, G_REL_TOL) )
with expansion:
  false
with message:
  ╬öGr mismatch at T=750┬░C, P=30kb: model=102974, truth=102756, abs_err=218.
  064, rel_err=0.00212216

C:\Users\stanroozen\Documents\Projects\reaktoro-dev\reaktoro\Reaktoro\Extensions\DEW\WaterDEW.test.cxx(772): FAILED:
  CHECK( almost_equal(G_rxn_model, G_rxn_truth, G_ABS_TOL, G_REL_TOL) )
with expansion:
  false
with message:
  ╬öGr mismatch at T=800┬░C, P=30kb: model=113104, truth=112867, abs_err=237.
  265, rel_err=0.00210216

C:\Users\stanroozen\Documents\Projects\reaktoro-dev\reaktoro\Reaktoro\Extensions\DEW\WaterDEW.test.cxx(772): FAILED:
  CHECK( almost_equal(G_rxn_model, G_rxn_truth, G_ABS_TOL, G_REL_TOL) )
with expansion:
  false
with message:
  ╬öGr mismatch at T=850┬░C, P=30kb: model=123583, truth=123327, abs_err=255.
  799, rel_err=0.00207415

C:\Users\stanroozen\Documents\Projects\reaktoro-dev\reaktoro\Reaktoro\Extensions\DEW\WaterDEW.test.cxx(772): FAILED:
  CHECK( almost_equal(G_rxn_model, G_rxn_truth, G_ABS_TOL, G_REL_TOL) )
with expansion:
  false
with message:
  ╬öGr mismatch at T=900┬░C, P=30kb: model=134391, truth=134118, abs_err=273.
  467, rel_err=0.002039

C:\Users\stanroozen\Documents\Projects\reaktoro-dev\reaktoro\Reaktoro\Extensions\DEW\WaterDEW.test.cxx(772): FAILED:
  CHECK( almost_equal(G_rxn_model, G_rxn_truth, G_ABS_TOL, G_REL_TOL) )
with expansion:
  false
with message:
  ╬öGr mismatch at T=950┬░C, P=30kb: model=145509, truth=145218, abs_err=290.
  625, rel_err=0.0020013

C:\Users\stanroozen\Documents\Projects\reaktoro-dev\reaktoro\Reaktoro\Extensions\DEW\WaterDEW.test.cxx(772): FAILED:
  CHECK( almost_equal(G_rxn_model, G_rxn_truth, G_ABS_TOL, G_REL_TOL) )
with expansion:
  false
with message:
  ╬öGr mismatch at T=1000┬░C, P=30kb: model=156909, truth=156602, abs_err=307.
  402, rel_err=0.00196296

C:\Users\stanroozen\Documents\Projects\reaktoro-dev\reaktoro\Reaktoro\Extensions\DEW\WaterDEW.test.cxx(772): FAILED:
  CHECK( almost_equal(G_rxn_model, G_rxn_truth, G_ABS_TOL, G_REL_TOL) )
with expansion:
  false
with message:
  ╬öGr mismatch at T=300┬░C, P=35kb: model=21071.8, truth=20988.8, abs_err=82.
  9614, rel_err=0.00395265

C:\Users\stanroozen\Documents\Projects\reaktoro-dev\reaktoro\Reaktoro\Extensions\DEW\WaterDEW.test.cxx(772): FAILED:
  CHECK( almost_equal(G_rxn_model, G_rxn_truth, G_ABS_TOL, G_REL_TOL) )
with expansion:
  false
with message:
  ╬öGr mismatch at T=350┬░C, P=35kb: model=27986.3, truth=27896.2, abs_err=90.
  0669, rel_err=0.00322864

C:\Users\stanroozen\Documents\Projects\reaktoro-dev\reaktoro\Reaktoro\Extensions\DEW\WaterDEW.test.cxx(772): FAILED:
  CHECK( almost_equal(G_rxn_model, G_rxn_truth, G_ABS_TOL, G_REL_TOL) )
with expansion:
  false
with message:
  ╬öGr mismatch at T=400┬░C, P=35kb: model=35233.7, truth=35134.7, abs_err=98.
  9856, rel_err=0.00281732

C:\Users\stanroozen\Documents\Projects\reaktoro-dev\reaktoro\Reaktoro\Extensions\DEW\WaterDEW.test.cxx(772): FAILED:
  CHECK( almost_equal(G_rxn_model, G_rxn_truth, G_ABS_TOL, G_REL_TOL) )
with expansion:
  false
with message:
  ╬öGr mismatch at T=450┬░C, P=35kb: model=42807.1, truth=42696.1, abs_err=110.
  964, rel_err=0.00259892

C:\Users\stanroozen\Documents\Projects\reaktoro-dev\reaktoro\Reaktoro\Extensions\DEW\WaterDEW.test.cxx(772): FAILED:
  CHECK( almost_equal(G_rxn_model, G_rxn_truth, G_ABS_TOL, G_REL_TOL) )
with expansion:
  false
with message:
  ╬öGr mismatch at T=500┬░C, P=35kb: model=50689.6, truth=50561.5, abs_err=128.
  078, rel_err=0.00253311

C:\Users\stanroozen\Documents\Projects\reaktoro-dev\reaktoro\Reaktoro\Extensions\DEW\WaterDEW.test.cxx(772): FAILED:
  CHECK( almost_equal(G_rxn_model, G_rxn_truth, G_ABS_TOL, G_REL_TOL) )
with expansion:
  false
with message:
  ╬öGr mismatch at T=550┬░C, P=35kb: model=58862.6, truth=58710.3, abs_err=152.
  218, rel_err=0.0025927

C:\Users\stanroozen\Documents\Projects\reaktoro-dev\reaktoro\Reaktoro\Extensions\DEW\WaterDEW.test.cxx(772): FAILED:
  CHECK( almost_equal(G_rxn_model, G_rxn_truth, G_ABS_TOL, G_REL_TOL) )
with expansion:
  false
with message:
  ╬öGr mismatch at T=600┬░C, P=35kb: model=67329.2, truth=67148.9, abs_err=180.
  335, rel_err=0.00268561

C:\Users\stanroozen\Documents\Projects\reaktoro-dev\reaktoro\Reaktoro\Extensions\DEW\WaterDEW.test.cxx(772): FAILED:
  CHECK( almost_equal(G_rxn_model, G_rxn_truth, G_ABS_TOL, G_REL_TOL) )
with expansion:
  false
with message:
  ╬öGr mismatch at T=650┬░C, P=35kb: model=76116.6, truth=75909, abs_err=207.
  607, rel_err=0.00273494

C:\Users\stanroozen\Documents\Projects\reaktoro-dev\reaktoro\Reaktoro\Extensions\DEW\WaterDEW.test.cxx(772): FAILED:
  CHECK( almost_equal(G_rxn_model, G_rxn_truth, G_ABS_TOL, G_REL_TOL) )
with expansion:
  false
with message:
  ╬öGr mismatch at T=700┬░C, P=35kb: model=85246.6, truth=85013.8, abs_err=232.
  843, rel_err=0.00273889

C:\Users\stanroozen\Documents\Projects\reaktoro-dev\reaktoro\Reaktoro\Extensions\DEW\WaterDEW.test.cxx(772): FAILED:
  CHECK( almost_equal(G_rxn_model, G_rxn_truth, G_ABS_TOL, G_REL_TOL) )
with expansion:
  false
with message:
  ╬öGr mismatch at T=750┬░C, P=35kb: model=94726.5, truth=94470.1, abs_err=256.
  423, rel_err=0.00271433

C:\Users\stanroozen\Documents\Projects\reaktoro-dev\reaktoro\Reaktoro\Extensions\DEW\WaterDEW.test.cxx(772): FAILED:
  CHECK( almost_equal(G_rxn_model, G_rxn_truth, G_ABS_TOL, G_REL_TOL) )
with expansion:
  false
with message:
  ╬öGr mismatch at T=800┬░C, P=35kb: model=104553, truth=104274, abs_err=278.
  69, rel_err=0.00267267

C:\Users\stanroozen\Documents\Projects\reaktoro-dev\reaktoro\Reaktoro\Extensions\DEW\WaterDEW.test.cxx(784): FAILED:
  CHECK( almost_equal(log_K_model, log_K_truth, LOGK_ABS_TOL, LOGK_REL_TOL) )
with expansion:
  false
with message:
  log K mismatch at T=800┬░C, P=35kb: model=-5.08891, truth=-5.07874, abs_err=
  0.0101737, rel_err=0.00200319

C:\Users\stanroozen\Documents\Projects\reaktoro-dev\reaktoro\Reaktoro\Extensions\DEW\WaterDEW.test.cxx(772): FAILED:
  CHECK( almost_equal(G_rxn_model, G_rxn_truth, G_ABS_TOL, G_REL_TOL) )
with expansion:
  false
with message:
  ╬öGr mismatch at T=850┬░C, P=35kb: model=114715, truth=114414, abs_err=300.
  08, rel_err=0.00262274

C:\Users\stanroozen\Documents\Projects\reaktoro-dev\reaktoro\Reaktoro\Extensions\DEW\WaterDEW.test.cxx(784): FAILED:
  CHECK( almost_equal(log_K_model, log_K_truth, LOGK_ABS_TOL, LOGK_REL_TOL) )
with expansion:
  false
with message:
  log K mismatch at T=850┬░C, P=35kb: model=-5.33496, truth=-5.32456, abs_err=
  0.0104005, rel_err=0.0019533

C:\Users\stanroozen\Documents\Projects\reaktoro-dev\reaktoro\Reaktoro\Extensions\DEW\WaterDEW.test.cxx(772): FAILED:
  CHECK( almost_equal(G_rxn_model, G_rxn_truth, G_ABS_TOL, G_REL_TOL) )
with expansion:
  false
with message:
  ╬öGr mismatch at T=900┬░C, P=35kb: model=125196, truth=124875, abs_err=320.
  653, rel_err=0.00256779

C:\Users\stanroozen\Documents\Projects\reaktoro-dev\reaktoro\Reaktoro\Extensions\DEW\WaterDEW.test.cxx(784): FAILED:
  CHECK( almost_equal(log_K_model, log_K_truth, LOGK_ABS_TOL, LOGK_REL_TOL) )
with expansion:
  false
with message:
  log K mismatch at T=900┬░C, P=35kb: model=-5.57424, truth=-5.56368, abs_err=
  0.010562, rel_err=0.00189839

C:\Users\stanroozen\Documents\Projects\reaktoro-dev\reaktoro\Reaktoro\Extensions\DEW\WaterDEW.test.cxx(772): FAILED:
  CHECK( almost_equal(G_rxn_model, G_rxn_truth, G_ABS_TOL, G_REL_TOL) )
with expansion:
  false
with message:
  ╬öGr mismatch at T=950┬░C, P=35kb: model=135975, truth=135635, abs_err=340.
  415, rel_err=0.00250979

C:\Users\stanroozen\Documents\Projects\reaktoro-dev\reaktoro\Reaktoro\Extensions\DEW\WaterDEW.test.cxx(784): FAILED:
  CHECK( almost_equal(log_K_model, log_K_truth, LOGK_ABS_TOL, LOGK_REL_TOL) )
with expansion:
  false
with message:
  log K mismatch at T=950┬░C, P=35kb: model=-5.80672, truth=-5.79605, abs_err=
  0.0106672, rel_err=0.00184042

C:\Users\stanroozen\Documents\Projects\reaktoro-dev\reaktoro\Reaktoro\Extensions\DEW\WaterDEW.test.cxx(772): FAILED:
  CHECK( almost_equal(G_rxn_model, G_rxn_truth, G_ABS_TOL, G_REL_TOL) )
with expansion:
  false
with message:
  ╬öGr mismatch at T=1000┬░C, P=35kb: model=147030, truth=146670, abs_err=359.
  782, rel_err=0.00245301

C:\Users\stanroozen\Documents\Projects\reaktoro-dev\reaktoro\Reaktoro\Extensions\DEW\WaterDEW.test.cxx(784): FAILED:
  CHECK( almost_equal(log_K_model, log_K_truth, LOGK_ABS_TOL, LOGK_REL_TOL) )
with expansion:
  false
with message:
  log K mismatch at T=1000┬░C, P=35kb: model=-6.03219, truth=-6.02145, abs_err=
  0.0107403, rel_err=0.00178368

C:\Users\stanroozen\Documents\Projects\reaktoro-dev\reaktoro\Reaktoro\Extensions\DEW\WaterDEW.test.cxx(772): FAILED:
  CHECK( almost_equal(G_rxn_model, G_rxn_truth, G_ABS_TOL, G_REL_TOL) )
with expansion:
  false
with message:
  ╬öGr mismatch at T=300┬░C, P=40kb: model=15236.9, truth=15139.3, abs_err=97.
  5659, rel_err=0.00644453

C:\Users\stanroozen\Documents\Projects\reaktoro-dev\reaktoro\Reaktoro\Extensions\DEW\WaterDEW.test.cxx(772): FAILED:
  CHECK( almost_equal(G_rxn_model, G_rxn_truth, G_ABS_TOL, G_REL_TOL) )
with expansion:
  false
with message:
  ╬öGr mismatch at T=350┬░C, P=40kb: model=22003.6, truth=21898.1, abs_err=105.
  485, rel_err=0.00481707

C:\Users\stanroozen\Documents\Projects\reaktoro-dev\reaktoro\Reaktoro\Extensions\DEW\WaterDEW.test.cxx(772): FAILED:
  CHECK( almost_equal(G_rxn_model, G_rxn_truth, G_ABS_TOL, G_REL_TOL) )
with expansion:
  false
with message:
  ╬öGr mismatch at T=400┬░C, P=40kb: model=29090.8, truth=28975.3, abs_err=115.
  476, rel_err=0.00398533

C:\Users\stanroozen\Documents\Projects\reaktoro-dev\reaktoro\Reaktoro\Extensions\DEW\WaterDEW.test.cxx(772): FAILED:
  CHECK( almost_equal(G_rxn_model, G_rxn_truth, G_ABS_TOL, G_REL_TOL) )
with expansion:
  false
with message:
  ╬öGr mismatch at T=450┬░C, P=40kb: model=36491.8, truth=36362.9, abs_err=128.
  956, rel_err=0.00354637

C:\Users\stanroozen\Documents\Projects\reaktoro-dev\reaktoro\Reaktoro\Extensions\DEW\WaterDEW.test.cxx(772): FAILED:
  CHECK( almost_equal(G_rxn_model, G_rxn_truth, G_ABS_TOL, G_REL_TOL) )
with expansion:
  false
with message:
  ╬öGr mismatch at T=500┬░C, P=40kb: model=44190, truth=44041.5, abs_err=148.
  459, rel_err=0.00337089

C:\Users\stanroozen\Documents\Projects\reaktoro-dev\reaktoro\Reaktoro\Extensions\DEW\WaterDEW.test.cxx(772): FAILED:
  CHECK( almost_equal(G_rxn_model, G_rxn_truth, G_ABS_TOL, G_REL_TOL) )
with expansion:
  false
with message:
  ╬öGr mismatch at T=550┬░C, P=40kb: model=52166.9, truth=51990.9, abs_err=176.
  009, rel_err=0.00338539

C:\Users\stanroozen\Documents\Projects\reaktoro-dev\reaktoro\Reaktoro\Extensions\DEW\WaterDEW.test.cxx(772): FAILED:
  CHECK( almost_equal(G_rxn_model, G_rxn_truth, G_ABS_TOL, G_REL_TOL) )
with expansion:
  false
with message:
  ╬öGr mismatch at T=600┬░C, P=40kb: model=60426, truth=60217.9, abs_err=208.
  105, rel_err=0.00345587

C:\Users\stanroozen\Documents\Projects\reaktoro-dev\reaktoro\Reaktoro\Extensions\DEW\WaterDEW.test.cxx(784): FAILED:
  CHECK( almost_equal(log_K_model, log_K_truth, LOGK_ABS_TOL, LOGK_REL_TOL) )
with expansion:
  false
with message:
  log K mismatch at T=600┬░C, P=40kb: model=-3.61481, truth=-3.60476, abs_err=
  0.0100424, rel_err=0.00278587

C:\Users\stanroozen\Documents\Projects\reaktoro-dev\reaktoro\Reaktoro\Extensions\DEW\WaterDEW.test.cxx(772): FAILED:
  CHECK( almost_equal(G_rxn_model, G_rxn_truth, G_ABS_TOL, G_REL_TOL) )
with expansion:
  false
with message:
  ╬öGr mismatch at T=650┬░C, P=40kb: model=68994.8, truth=68755.6, abs_err=239.
  206, rel_err=0.00347908

C:\Users\stanroozen\Documents\Projects\reaktoro-dev\reaktoro\Reaktoro\Extensions\DEW\WaterDEW.test.cxx(784): FAILED:
  CHECK( almost_equal(log_K_model, log_K_truth, LOGK_ABS_TOL, LOGK_REL_TOL) )
with expansion:
  false
with message:
  log K mismatch at T=650┬░C, P=40kb: model=-3.90386, truth=-3.89292, abs_err=
  0.0109355, rel_err=0.00280906

C:\Users\stanroozen\Documents\Projects\reaktoro-dev\reaktoro\Reaktoro\Extensions\DEW\WaterDEW.test.cxx(772): FAILED:
  CHECK( almost_equal(G_rxn_model, G_rxn_truth, G_ABS_TOL, G_REL_TOL) )
with expansion:
  false
with message:
  ╬öGr mismatch at T=700┬░C, P=40kb: model=77895.5, truth=77627.5, abs_err=267.
  992, rel_err=0.00345228

C:\Users\stanroozen\Documents\Projects\reaktoro-dev\reaktoro\Reaktoro\Extensions\DEW\WaterDEW.test.cxx(784): FAILED:
  CHECK( almost_equal(log_K_model, log_K_truth, LOGK_ABS_TOL, LOGK_REL_TOL) )
with expansion:
  false
with message:
  log K mismatch at T=700┬░C, P=40kb: model=-4.18102, truth=-4.16942, abs_err=
  0.0116005, rel_err=0.00278229

C:\Users\stanroozen\Documents\Projects\reaktoro-dev\reaktoro\Reaktoro\Extensions\DEW\WaterDEW.test.cxx(772): FAILED:
  CHECK( almost_equal(G_rxn_model, G_rxn_truth, G_ABS_TOL, G_REL_TOL) )
with expansion:
  false
with message:
  ╬öGr mismatch at T=750┬░C, P=40kb: model=87135.8, truth=86841.2, abs_err=294.
  639, rel_err=0.00339285

C:\Users\stanroozen\Documents\Projects\reaktoro-dev\reaktoro\Reaktoro\Extensions\DEW\WaterDEW.test.cxx(784): FAILED:
  CHECK( almost_equal(log_K_model, log_K_truth, LOGK_ABS_TOL, LOGK_REL_TOL) )
with expansion:
  false
with message:
  log K mismatch at T=750┬░C, P=40kb: model=-4.44844, truth=-4.43636, abs_err=
  0.0120797, rel_err=0.00272289

C:\Users\stanroozen\Documents\Projects\reaktoro-dev\reaktoro\Reaktoro\Extensions\DEW\WaterDEW.test.cxx(772): FAILED:
  CHECK( almost_equal(G_rxn_model, G_rxn_truth, G_ABS_TOL, G_REL_TOL) )
with expansion:
  false
with message:
  ╬öGr mismatch at T=800┬░C, P=40kb: model=96712.8, truth=96392.8, abs_err=320.
  067, rel_err=0.00332045

C:\Users\stanroozen\Documents\Projects\reaktoro-dev\reaktoro\Reaktoro\Extensions\DEW\WaterDEW.test.cxx(784): FAILED:
  CHECK( almost_equal(log_K_model, log_K_truth, LOGK_ABS_TOL, LOGK_REL_TOL) )
with expansion:
  false
with message:
  log K mismatch at T=800┬░C, P=40kb: model=-4.70732, truth=-4.69488, abs_err=
  0.012444, rel_err=0.00265054

C:\Users\stanroozen\Documents\Projects\reaktoro-dev\reaktoro\Reaktoro\Extensions\DEW\WaterDEW.test.cxx(772): FAILED:
  CHECK( almost_equal(G_rxn_model, G_rxn_truth, G_ABS_TOL, G_REL_TOL) )
with expansion:
  false
with message:
  ╬öGr mismatch at T=850┬░C, P=40kb: model=106616, truth=106272, abs_err=344.
  325, rel_err=0.00324004

C:\Users\stanroozen\Documents\Projects\reaktoro-dev\reaktoro\Reaktoro\Extensions\DEW\WaterDEW.test.cxx(784): FAILED:
  CHECK( almost_equal(log_K_model, log_K_truth, LOGK_ABS_TOL, LOGK_REL_TOL) )
with expansion:
  false
with message:
  log K mismatch at T=850┬░C, P=40kb: model=-4.95833, truth=-4.94562, abs_err=
  0.0127112, rel_err=0.00257019

C:\Users\stanroozen\Documents\Projects\reaktoro-dev\reaktoro\Reaktoro\Extensions\DEW\WaterDEW.test.cxx(772): FAILED:
  CHECK( almost_equal(G_rxn_model, G_rxn_truth, G_ABS_TOL, G_REL_TOL) )
with expansion:
  false
with message:
  ╬öGr mismatch at T=900┬░C, P=40kb: model=116830, truth=116463, abs_err=367.
  613, rel_err=0.00315648

C:\Users\stanroozen\Documents\Projects\reaktoro-dev\reaktoro\Reaktoro\Extensions\DEW\WaterDEW.test.cxx(784): FAILED:
  CHECK( almost_equal(log_K_model, log_K_truth, LOGK_ABS_TOL, LOGK_REL_TOL) )
with expansion:
  false
with message:
  log K mismatch at T=900┬░C, P=40kb: model=-5.20179, truth=-5.18888, abs_err=
  0.0129031, rel_err=0.00248668

C:\Users\stanroozen\Documents\Projects\reaktoro-dev\reaktoro\Reaktoro\Extensions\DEW\WaterDEW.test.cxx(772): FAILED:
  CHECK( almost_equal(G_rxn_model, G_rxn_truth, G_ABS_TOL, G_REL_TOL) )
with expansion:
  false
with message:
  ╬öGr mismatch at T=950┬░C, P=40kb: model=127336, truth=126945, abs_err=390.
  127, rel_err=0.00307319

C:\Users\stanroozen\Documents\Projects\reaktoro-dev\reaktoro\Reaktoro\Extensions\DEW\WaterDEW.test.cxx(784): FAILED:
  CHECK( almost_equal(log_K_model, log_K_truth, LOGK_ABS_TOL, LOGK_REL_TOL) )
with expansion:
  false
with message:
  log K mismatch at T=950┬░C, P=40kb: model=-5.43776, truth=-5.42472, abs_err=
  0.013038, rel_err=0.00240345

C:\Users\stanroozen\Documents\Projects\reaktoro-dev\reaktoro\Reaktoro\Extensions\DEW\WaterDEW.test.cxx(772): FAILED:
  CHECK( almost_equal(G_rxn_model, G_rxn_truth, G_ABS_TOL, G_REL_TOL) )
with expansion:
  false
with message:
  ╬öGr mismatch at T=1000┬░C, P=40kb: model=138108, truth=137696, abs_err=412.
  141, rel_err=0.00299312

C:\Users\stanroozen\Documents\Projects\reaktoro-dev\reaktoro\Reaktoro\Extensions\DEW\WaterDEW.test.cxx(784): FAILED:
  CHECK( almost_equal(log_K_model, log_K_truth, LOGK_ABS_TOL, LOGK_REL_TOL) )
with expansion:
  false
with message:
  log K mismatch at T=1000┬░C, P=40kb: model=-5.66618, truth=-5.65305, abs_err=
  0.0131345, rel_err=0.00232343

C:\Users\stanroozen\Documents\Projects\reaktoro-dev\reaktoro\Reaktoro\Extensions\DEW\WaterDEW.test.cxx(772): FAILED:
  CHECK( almost_equal(G_rxn_model, G_rxn_truth, G_ABS_TOL, G_REL_TOL) )
with expansion:
  false
with message:
  ╬öGr mismatch at T=300┬░C, P=45kb: model=9656.26, truth=9533.23, abs_err=123.
  033, rel_err=0.0129057

C:\Users\stanroozen\Documents\Projects\reaktoro-dev\reaktoro\Reaktoro\Extensions\DEW\WaterDEW.test.cxx(784): FAILED:
  CHECK( almost_equal(log_K_model, log_K_truth, LOGK_ABS_TOL, LOGK_REL_TOL) )
with expansion:
  false
with message:
  log K mismatch at T=300┬░C, P=45kb: model=-0.880017, truth=-0.869385,
  abs_err=0.0106321, rel_err=0.0122294

C:\Users\stanroozen\Documents\Projects\reaktoro-dev\reaktoro\Reaktoro\Extensions\DEW\WaterDEW.test.cxx(772): FAILED:
  CHECK( almost_equal(G_rxn_model, G_rxn_truth, G_ABS_TOL, G_REL_TOL) )
with expansion:
  false
with message:
  ╬öGr mismatch at T=350┬░C, P=45kb: model=16295.1, truth=16163.2, abs_err=131.
  887, rel_err=0.00815973

C:\Users\stanroozen\Documents\Projects\reaktoro-dev\reaktoro\Reaktoro\Extensions\DEW\WaterDEW.test.cxx(784): FAILED:
  CHECK( almost_equal(log_K_model, log_K_truth, LOGK_ABS_TOL, LOGK_REL_TOL) )
with expansion:
  false
with message:
  log K mismatch at T=350┬░C, P=45kb: model=-1.36588, truth=-1.35573, abs_err=
  0.0101498, rel_err=0.00748659

C:\Users\stanroozen\Documents\Projects\reaktoro-dev\reaktoro\Reaktoro\Extensions\DEW\WaterDEW.test.cxx(772): FAILED:
  CHECK( almost_equal(G_rxn_model, G_rxn_truth, G_ABS_TOL, G_REL_TOL) )
with expansion:
  false
with message:
  ╬öGr mismatch at T=400┬░C, P=45kb: model=23244.4, truth=23101.3, abs_err=143.
  083, rel_err=0.00619374

C:\Users\stanroozen\Documents\Projects\reaktoro-dev\reaktoro\Reaktoro\Extensions\DEW\WaterDEW.test.cxx(772): FAILED:
  CHECK( almost_equal(G_rxn_model, G_rxn_truth, G_ABS_TOL, G_REL_TOL) )
with expansion:
  false
with message:
  ╬öGr mismatch at T=450┬░C, P=45kb: model=30497.6, truth=30339.4, abs_err=158.
  223, rel_err=0.00521511

C:\Users\stanroozen\Documents\Projects\reaktoro-dev\reaktoro\Reaktoro\Extensions\DEW\WaterDEW.test.cxx(772): FAILED:
  CHECK( almost_equal(G_rxn_model, G_rxn_truth, G_ABS_TOL, G_REL_TOL) )
with expansion:
  false
with message:
  ╬öGr mismatch at T=500┬░C, P=45kb: model=38038.2, truth=37858.1, abs_err=180.
  164, rel_err=0.00475894

C:\Users\stanroozen\Documents\Projects\reaktoro-dev\reaktoro\Reaktoro\Extensions\DEW\WaterDEW.test.cxx(784): FAILED:
  CHECK( almost_equal(log_K_model, log_K_truth, LOGK_ABS_TOL, LOGK_REL_TOL) )
with expansion:
  false
with message:
  log K mismatch at T=500┬░C, P=45kb: model=-2.56984, truth=-2.55938, abs_err=
  0.0104629, rel_err=0.00408807

C:\Users\stanroozen\Documents\Projects\reaktoro-dev\reaktoro\Reaktoro\Extensions\DEW\WaterDEW.test.cxx(772): FAILED:
  CHECK( almost_equal(G_rxn_model, G_rxn_truth, G_ABS_TOL, G_REL_TOL) )
with expansion:
  false
with message:
  ╬öGr mismatch at T=550┬░C, P=45kb: model=45847.9, truth=45636.6, abs_err=211.
  278, rel_err=0.00462957

C:\Users\stanroozen\Documents\Projects\reaktoro-dev\reaktoro\Reaktoro\Extensions\DEW\WaterDEW.test.cxx(784): FAILED:
  CHECK( almost_equal(log_K_model, log_K_truth, LOGK_ABS_TOL, LOGK_REL_TOL) )
with expansion:
  false
with message:
  log K mismatch at T=550┬░C, P=45kb: model=-2.90931, truth=-2.89784, abs_err=
  0.0114719, rel_err=0.00395879

C:\Users\stanroozen\Documents\Projects\reaktoro-dev\reaktoro\Reaktoro\Extensions\DEW\WaterDEW.test.cxx(772): FAILED:
  CHECK( almost_equal(G_rxn_model, G_rxn_truth, G_ABS_TOL, G_REL_TOL) )
with expansion:
  false
with message:
  ╬öGr mismatch at T=600┬░C, P=45kb: model=53930.5, truth=53682.9, abs_err=247.
  545, rel_err=0.00461125

C:\Users\stanroozen\Documents\Projects\reaktoro-dev\reaktoro\Reaktoro\Extensions\DEW\WaterDEW.test.cxx(784): FAILED:
  CHECK( almost_equal(log_K_model, log_K_truth, LOGK_ABS_TOL, LOGK_REL_TOL) )
with expansion:
  false
with message:
  log K mismatch at T=600┬░C, P=45kb: model=-3.22623, truth=-3.21357, abs_err=
  0.012663, rel_err=0.00394048

C:\Users\stanroozen\Documents\Projects\reaktoro-dev\reaktoro\Reaktoro\Extensions\DEW\WaterDEW.test.cxx(772): FAILED:
  CHECK( almost_equal(G_rxn_model, G_rxn_truth, G_ABS_TOL, G_REL_TOL) )
with expansion:
  false
with message:
  ╬öGr mismatch at T=650┬░C, P=45kb: model=62313.8, truth=62031.2, abs_err=282.
  586, rel_err=0.00455554

C:\Users\stanroozen\Documents\Projects\reaktoro-dev\reaktoro\Reaktoro\Extensions\DEW\WaterDEW.test.cxx(784): FAILED:
  CHECK( almost_equal(log_K_model, log_K_truth, LOGK_ABS_TOL, LOGK_REL_TOL) )
with expansion:
  false
with message:
  log K mismatch at T=650┬░C, P=45kb: model=-3.52584, truth=-3.51219, abs_err=
  0.0136442, rel_err=0.00388481

C:\Users\stanroozen\Documents\Projects\reaktoro-dev\reaktoro\Reaktoro\Extensions\DEW\WaterDEW.test.cxx(772): FAILED:
  CHECK( almost_equal(G_rxn_model, G_rxn_truth, G_ABS_TOL, G_REL_TOL) )
with expansion:
  false
with message:
  ╬öGr mismatch at T=700┬░C, P=45kb: model=71020.4, truth=70705.4, abs_err=314.
  964, rel_err=0.0044546

C:\Users\stanroozen\Documents\Projects\reaktoro-dev\reaktoro\Reaktoro\Extensions\DEW\WaterDEW.test.cxx(784): FAILED:
  CHECK( almost_equal(log_K_model, log_K_truth, LOGK_ABS_TOL, LOGK_REL_TOL) )
with expansion:
  false
with message:
  log K mismatch at T=700┬░C, P=45kb: model=-3.812, truth=-3.79763, abs_err=0.
  01437, rel_err=0.00378393

C:\Users\stanroozen\Documents\Projects\reaktoro-dev\reaktoro\Reaktoro\Extensions\DEW\WaterDEW.test.cxx(772): FAILED:
  CHECK( almost_equal(G_rxn_model, G_rxn_truth, G_ABS_TOL, G_REL_TOL) )
with expansion:
  false
with message:
  ╬öGr mismatch at T=750┬░C, P=45kb: model=80058.4, truth=79713.3, abs_err=345.
  048, rel_err=0.00432861

C:\Users\stanroozen\Documents\Projects\reaktoro-dev\reaktoro\Reaktoro\Extensions\DEW\WaterDEW.test.cxx(784): FAILED:
  CHECK( almost_equal(log_K_model, log_K_truth, LOGK_ABS_TOL, LOGK_REL_TOL) )
with expansion:
  false
with message:
  log K mismatch at T=750┬░C, P=45kb: model=-4.08712, truth=-4.07223, abs_err=
  0.0148963, rel_err=0.00365803

C:\Users\stanroozen\Documents\Projects\reaktoro-dev\reaktoro\Reaktoro\Extensions\DEW\WaterDEW.test.cxx(772): FAILED:
  CHECK( almost_equal(G_rxn_model, G_rxn_truth, G_ABS_TOL, G_REL_TOL) )
with expansion:
  false
with message:
  ╬öGr mismatch at T=800┬░C, P=45kb: model=89425.2, truth=89051.5, abs_err=373.
  686, rel_err=0.00419629

C:\Users\stanroozen\Documents\Projects\reaktoro-dev\reaktoro\Reaktoro\Extensions\DEW\WaterDEW.test.cxx(784): FAILED:
  CHECK( almost_equal(log_K_model, log_K_truth, LOGK_ABS_TOL, LOGK_REL_TOL) )
with expansion:
  false
with message:
  log K mismatch at T=800┬░C, P=45kb: model=-4.35261, truth=-4.33732, abs_err=
  0.0152925, rel_err=0.0035258

C:\Users\stanroozen\Documents\Projects\reaktoro-dev\reaktoro\Reaktoro\Extensions\DEW\WaterDEW.test.cxx(772): FAILED:
  CHECK( almost_equal(G_rxn_model, G_rxn_truth, G_ABS_TOL, G_REL_TOL) )
with expansion:
  false
with message:
  ╬öGr mismatch at T=850┬░C, P=45kb: model=99111.1, truth=98710.1, abs_err=400.
  968, rel_err=0.00406208

C:\Users\stanroozen\Documents\Projects\reaktoro-dev\reaktoro\Reaktoro\Extensions\DEW\WaterDEW.test.cxx(784): FAILED:
  CHECK( almost_equal(log_K_model, log_K_truth, LOGK_ABS_TOL, LOGK_REL_TOL) )
with expansion:
  false
with message:
  log K mismatch at T=850┬░C, P=45kb: model=-4.6093, truth=-4.59372, abs_err=0.
  0155804, rel_err=0.00339167

C:\Users\stanroozen\Documents\Projects\reaktoro-dev\reaktoro\Reaktoro\Extensions\DEW\WaterDEW.test.cxx(772): FAILED:
  CHECK( almost_equal(G_rxn_model, G_rxn_truth, G_ABS_TOL, G_REL_TOL) )
with expansion:
  false
with message:
  ╬öGr mismatch at T=900┬░C, P=45kb: model=109101, truth=108674, abs_err=427.
  021, rel_err=0.00392938

C:\Users\stanroozen\Documents\Projects\reaktoro-dev\reaktoro\Reaktoro\Extensions\DEW\WaterDEW.test.cxx(784): FAILED:
  CHECK( almost_equal(log_K_model, log_K_truth, LOGK_ABS_TOL, LOGK_REL_TOL) )
with expansion:
  false
with message:
  log K mismatch at T=900┬░C, P=45kb: model=-4.85764, truth=-4.84186, abs_err=
  0.0157799, rel_err=0.00325907

C:\Users\stanroozen\Documents\Projects\reaktoro-dev\reaktoro\Reaktoro\Extensions\DEW\WaterDEW.test.cxx(772): FAILED:
  CHECK( almost_equal(G_rxn_model, G_rxn_truth, G_ABS_TOL, G_REL_TOL) )
with expansion:
  false
with message:
  ╬öGr mismatch at T=950┬░C, P=45kb: model=119376, truth=118923, abs_err=452.
  598, rel_err=0.00380581

C:\Users\stanroozen\Documents\Projects\reaktoro-dev\reaktoro\Reaktoro\Extensions\DEW\WaterDEW.test.cxx(784): FAILED:
  CHECK( almost_equal(log_K_model, log_K_truth, LOGK_ABS_TOL, LOGK_REL_TOL) )
with expansion:
  false
with message:
  log K mismatch at T=950┬░C, P=45kb: model=-5.09783, truth=-5.0819, abs_err=0.
  0159347, rel_err=0.00313558

C:\Users\stanroozen\Documents\Projects\reaktoro-dev\reaktoro\Reaktoro\Extensions\DEW\WaterDEW.test.cxx(772): FAILED:
  CHECK( almost_equal(G_rxn_model, G_rxn_truth, G_ABS_TOL, G_REL_TOL) )
with expansion:
  false
with message:
  ╬öGr mismatch at T=1000┬░C, P=45kb: model=129912, truth=129435, abs_err=477.
  159, rel_err=0.00368647

C:\Users\stanroozen\Documents\Projects\reaktoro-dev\reaktoro\Reaktoro\Extensions\DEW\WaterDEW.test.cxx(784): FAILED:
  CHECK( almost_equal(log_K_model, log_K_truth, LOGK_ABS_TOL, LOGK_REL_TOL) )
with expansion:
  false
with message:
  log K mismatch at T=1000┬░C, P=45kb: model=-5.32992, truth=-5.31389, abs_err=
  0.0160284, rel_err=0.00301632

C:\Users\stanroozen\Documents\Projects\reaktoro-dev\reaktoro\Reaktoro\Extensions\DEW\WaterDEW.test.cxx(772): FAILED:
  CHECK( almost_equal(G_rxn_model, G_rxn_truth, G_ABS_TOL, G_REL_TOL) )
with expansion:
  false
with message:
  ╬öGr mismatch at T=300┬░C, P=50kb: model=4271.15, truth=4132.76, abs_err=138.
  39, rel_err=0.033486

C:\Users\stanroozen\Documents\Projects\reaktoro-dev\reaktoro\Reaktoro\Extensions\DEW\WaterDEW.test.cxx(784): FAILED:
  CHECK( almost_equal(log_K_model, log_K_truth, LOGK_ABS_TOL, LOGK_REL_TOL) )
with expansion:
  false
with message:
  log K mismatch at T=300┬░C, P=50kb: model=-0.389248, truth=-0.376888,
  abs_err=0.0123604, rel_err=0.0327959

C:\Users\stanroozen\Documents\Projects\reaktoro-dev\reaktoro\Reaktoro\Extensions\DEW\WaterDEW.test.cxx(772): FAILED:
  CHECK( almost_equal(G_rxn_model, G_rxn_truth, G_ABS_TOL, G_REL_TOL) )
with expansion:
  false
with message:
  ╬öGr mismatch at T=350┬░C, P=50kb: model=10796.9, truth=10648.8, abs_err=148.
  061, rel_err=0.013904

C:\Users\stanroozen\Documents\Projects\reaktoro-dev\reaktoro\Reaktoro\Extensions\DEW\WaterDEW.test.cxx(784): FAILED:
  CHECK( almost_equal(log_K_model, log_K_truth, LOGK_ABS_TOL, LOGK_REL_TOL) )
with expansion:
  false
with message:
  log K mismatch at T=350┬░C, P=50kb: model=-0.905016, truth=-0.893202,
  abs_err=0.0118144, rel_err=0.013227

C:\Users\stanroozen\Documents\Projects\reaktoro-dev\reaktoro\Reaktoro\Extensions\DEW\WaterDEW.test.cxx(772): FAILED:
  CHECK( almost_equal(G_rxn_model, G_rxn_truth, G_ABS_TOL, G_REL_TOL) )
with expansion:
  false
with message:
  ╬öGr mismatch at T=400┬░C, P=50kb: model=17624.9, truth=17464.6, abs_err=160.
  349, rel_err=0.00918141

C:\Users\stanroozen\Documents\Projects\reaktoro-dev\reaktoro\Reaktoro\Extensions\DEW\WaterDEW.test.cxx(784): FAILED:
  CHECK( almost_equal(log_K_model, log_K_truth, LOGK_ABS_TOL, LOGK_REL_TOL) )
with expansion:
  false
with message:
  log K mismatch at T=400┬░C, P=50kb: model=-1.36762, truth=-1.35608, abs_err=
  0.011537, rel_err=0.00850759

C:\Users\stanroozen\Documents\Projects\reaktoro-dev\reaktoro\Reaktoro\Extensions\DEW\WaterDEW.test.cxx(772): FAILED:
  CHECK( almost_equal(G_rxn_model, G_rxn_truth, G_ABS_TOL, G_REL_TOL) )
with expansion:
  false
with message:
  ╬öGr mismatch at T=450┬░C, P=50kb: model=24748.6, truth=24571.6, abs_err=177.
  038, rel_err=0.00720501

C:\Users\stanroozen\Documents\Projects\reaktoro-dev\reaktoro\Reaktoro\Extensions\DEW\WaterDEW.test.cxx(784): FAILED:
  CHECK( almost_equal(log_K_model, log_K_truth, LOGK_ABS_TOL, LOGK_REL_TOL) )
with expansion:
  false
with message:
  log K mismatch at T=450┬░C, P=50kb: model=-1.78761, truth=-1.77601, abs_err=
  0.0116018, rel_err=0.00653251

C:\Users\stanroozen\Documents\Projects\reaktoro-dev\reaktoro\Reaktoro\Extensions\DEW\WaterDEW.test.cxx(772): FAILED:
  CHECK( almost_equal(G_rxn_model, G_rxn_truth, G_ABS_TOL, G_REL_TOL) )
with expansion:
  false
with message:
  ╬öGr mismatch at T=500┬░C, P=50kb: model=32151.4, truth=31950.1, abs_err=201.
  349, rel_err=0.00630197

C:\Users\stanroozen\Documents\Projects\reaktoro-dev\reaktoro\Reaktoro\Extensions\DEW\WaterDEW.test.cxx(784): FAILED:
  CHECK( almost_equal(log_K_model, log_K_truth, LOGK_ABS_TOL, LOGK_REL_TOL) )
with expansion:
  false
with message:
  log K mismatch at T=500┬░C, P=50kb: model=-2.17214, truth=-2.15997, abs_err=
  0.0121608, rel_err=0.00563007

C:\Users\stanroozen\Documents\Projects\reaktoro-dev\reaktoro\Reaktoro\Extensions\DEW\WaterDEW.test.cxx(772): FAILED:
  CHECK( almost_equal(G_rxn_model, G_rxn_truth, G_ABS_TOL, G_REL_TOL) )
with expansion:
  false
with message:
  ╬öGr mismatch at T=550┬░C, P=50kb: model=39815.3, truth=39579.3, abs_err=235.
  958, rel_err=0.00596164

C:\Users\stanroozen\Documents\Projects\reaktoro-dev\reaktoro\Reaktoro\Extensions\DEW\WaterDEW.test.cxx(784): FAILED:
  CHECK( almost_equal(log_K_model, log_K_truth, LOGK_ABS_TOL, LOGK_REL_TOL) )
with expansion:
  false
with message:
  log K mismatch at T=550┬░C, P=50kb: model=-2.52651, truth=-2.51322, abs_err=
  0.0132948, rel_err=0.00528996

C:\Users\stanroozen\Documents\Projects\reaktoro-dev\reaktoro\Reaktoro\Extensions\DEW\WaterDEW.test.cxx(772): FAILED:
  CHECK( almost_equal(G_rxn_model, G_rxn_truth, G_ABS_TOL, G_REL_TOL) )
with expansion:
  false
with message:
  ╬öGr mismatch at T=600┬░C, P=50kb: model=47744.3, truth=47468.1, abs_err=276.
  142, rel_err=0.00581742

C:\Users\stanroozen\Documents\Projects\reaktoro-dev\reaktoro\Reaktoro\Extensions\DEW\WaterDEW.test.cxx(784): FAILED:
  CHECK( almost_equal(log_K_model, log_K_truth, LOGK_ABS_TOL, LOGK_REL_TOL) )
with expansion:
  false
with message:
  log K mismatch at T=600┬░C, P=50kb: model=-2.85616, truth=-2.84154, abs_err=
  0.0146221, rel_err=0.00514585

C:\Users\stanroozen\Documents\Projects\reaktoro-dev\reaktoro\Reaktoro\Extensions\DEW\WaterDEW.test.cxx(772): FAILED:
  CHECK( almost_equal(G_rxn_model, G_rxn_truth, G_ABS_TOL, G_REL_TOL) )
with expansion:
  false
with message:
  ╬öGr mismatch at T=650┬░C, P=50kb: model=55966.5, truth=55651.4, abs_err=315.
  072, rel_err=0.00566152

C:\Users\stanroozen\Documents\Projects\reaktoro-dev\reaktoro\Reaktoro\Extensions\DEW\WaterDEW.test.cxx(784): FAILED:
  CHECK( almost_equal(log_K_model, log_K_truth, LOGK_ABS_TOL, LOGK_REL_TOL) )
with expansion:
  false
with message:
  log K mismatch at T=650┬░C, P=50kb: model=-3.16669, truth=-3.15097, abs_err=
  0.0157235, rel_err=0.00499005

C:\Users\stanroozen\Documents\Projects\reaktoro-dev\reaktoro\Reaktoro\Extensions\DEW\WaterDEW.test.cxx(772): FAILED:
  CHECK( almost_equal(G_rxn_model, G_rxn_truth, G_ABS_TOL, G_REL_TOL) )
with expansion:
  false
with message:
  ╬öGr mismatch at T=700┬░C, P=50kb: model=64504.9, truth=64153.8, abs_err=351.
  065, rel_err=0.00547224

C:\Users\stanroozen\Documents\Projects\reaktoro-dev\reaktoro\Reaktoro\Extensions\DEW\WaterDEW.test.cxx(784): FAILED:
  CHECK( almost_equal(log_K_model, log_K_truth, LOGK_ABS_TOL, LOGK_REL_TOL) )
with expansion:
  false
with message:
  log K mismatch at T=700┬░C, P=50kb: model=-3.46228, truth=-3.44574, abs_err=
  0.0165426, rel_err=0.00480089

C:\Users\stanroozen\Documents\Projects\reaktoro-dev\reaktoro\Reaktoro\Extensions\DEW\WaterDEW.test.cxx(772): FAILED:
  CHECK( almost_equal(G_rxn_model, G_rxn_truth, G_ABS_TOL, G_REL_TOL) )
with expansion:
  false
with message:
  ╬öGr mismatch at T=750┬░C, P=50kb: model=73367.8, truth=72983.5, abs_err=384.
  319, rel_err=0.00526584

C:\Users\stanroozen\Documents\Projects\reaktoro-dev\reaktoro\Reaktoro\Extensions\DEW\WaterDEW.test.cxx(784): FAILED:
  CHECK( almost_equal(log_K_model, log_K_truth, LOGK_ABS_TOL, LOGK_REL_TOL) )
with expansion:
  false
with message:
  log K mismatch at T=750┬░C, P=50kb: model=-3.74555, truth=-3.72842, abs_err=
  0.0171307, rel_err=0.00459463

C:\Users\stanroozen\Documents\Projects\reaktoro-dev\reaktoro\Reaktoro\Extensions\DEW\WaterDEW.test.cxx(772): FAILED:
  CHECK( almost_equal(G_rxn_model, G_rxn_truth, G_ABS_TOL, G_REL_TOL) )
with expansion:
  false
with message:
  ╬öGr mismatch at T=800┬░C, P=50kb: model=82553, truth=82137.1, abs_err=415.
  932, rel_err=0.00506388

C:\Users\stanroozen\Documents\Projects\reaktoro-dev\reaktoro\Reaktoro\Extensions\DEW\WaterDEW.test.cxx(784): FAILED:
  CHECK( almost_equal(log_K_model, log_K_truth, LOGK_ABS_TOL, LOGK_REL_TOL) )
with expansion:
  false
with message:
  log K mismatch at T=800┬░C, P=50kb: model=-4.01812, truth=-4.00054, abs_err=
  0.0175736, rel_err=0.00439281

C:\Users\stanroozen\Documents\Projects\reaktoro-dev\reaktoro\Reaktoro\Extensions\DEW\WaterDEW.test.cxx(772): FAILED:
  CHECK( almost_equal(G_rxn_model, G_rxn_truth, G_ABS_TOL, G_REL_TOL) )
with expansion:
  false
with message:
  ╬öGr mismatch at T=850┬░C, P=50kb: model=92051.2, truth=91604.8, abs_err=446.
  366, rel_err=0.00487273

C:\Users\stanroozen\Documents\Projects\reaktoro-dev\reaktoro\Reaktoro\Extensions\DEW\WaterDEW.test.cxx(784): FAILED:
  CHECK( almost_equal(log_K_model, log_K_truth, LOGK_ABS_TOL, LOGK_REL_TOL) )
with expansion:
  false
with message:
  log K mismatch at T=850┬░C, P=50kb: model=-4.28097, truth=-4.26305, abs_err=
  0.0179124, rel_err=0.00420178

C:\Users\stanroozen\Documents\Projects\reaktoro-dev\reaktoro\Reaktoro\Extensions\DEW\WaterDEW.test.cxx(772): FAILED:
  CHECK( almost_equal(G_rxn_model, G_rxn_truth, G_ABS_TOL, G_REL_TOL) )
with expansion:
  false
with message:
  ╬öGr mismatch at T=900┬░C, P=50kb: model=101848, truth=101373, abs_err=475.
  121, rel_err=0.00468687

C:\Users\stanroozen\Documents\Projects\reaktoro-dev\reaktoro\Reaktoro\Extensions\DEW\WaterDEW.test.cxx(784): FAILED:
  CHECK( almost_equal(log_K_model, log_K_truth, LOGK_ABS_TOL, LOGK_REL_TOL) )
with expansion:
  false
with message:
  log K mismatch at T=900┬░C, P=50kb: model=-4.53469, truth=-4.51655, abs_err=
  0.0181387, rel_err=0.00401605

C:\Users\stanroozen\Documents\Projects\reaktoro-dev\reaktoro\Reaktoro\Extensions\DEW\WaterDEW.test.cxx(772): FAILED:
  CHECK( almost_equal(G_rxn_model, G_rxn_truth, G_ABS_TOL, G_REL_TOL) )
with expansion:
  false
with message:
  ╬öGr mismatch at T=950┬░C, P=50kb: model=111924, truth=111420, abs_err=503.
  312, rel_err=0.00451723

C:\Users\stanroozen\Documents\Projects\reaktoro-dev\reaktoro\Reaktoro\Extensions\DEW\WaterDEW.test.cxx(784): FAILED:
  CHECK( almost_equal(log_K_model, log_K_truth, LOGK_ABS_TOL, LOGK_REL_TOL) )
with expansion:
  false
with message:
  log K mismatch at T=950┬░C, P=50kb: model=-4.77961, truth=-4.7613, abs_err=0.
  0183145, rel_err=0.00384653

C:\Users\stanroozen\Documents\Projects\reaktoro-dev\reaktoro\Reaktoro\Extensions\DEW\WaterDEW.test.cxx(772): FAILED:
  CHECK( almost_equal(G_rxn_model, G_rxn_truth, G_ABS_TOL, G_REL_TOL) )
with expansion:
  false
with message:
  ╬öGr mismatch at T=1000┬░C, P=50kb: model=122257, truth=121727, abs_err=530.
  66, rel_err=0.00435943

C:\Users\stanroozen\Documents\Projects\reaktoro-dev\reaktoro\Reaktoro\Extensions\DEW\WaterDEW.test.cxx(784): FAILED:
  CHECK( almost_equal(log_K_model, log_K_truth, LOGK_ABS_TOL, LOGK_REL_TOL) )
with expansion:
  false
with message:
  log K mismatch at T=1000┬░C, P=50kb: model=-5.01586, truth=-4.99743, abs_err=
  0.0184347, rel_err=0.00368883

C:\Users\stanroozen\Documents\Projects\reaktoro-dev\reaktoro\Reaktoro\Extensions\DEW\WaterDEW.test.cxx(772): FAILED:
  CHECK( almost_equal(G_rxn_model, G_rxn_truth, G_ABS_TOL, G_REL_TOL) )
with expansion:
  false
with message:
  ╬öGr mismatch at T=300┬░C, P=55kb: model=-936.707, truth=-1090.33, abs_err=
  153.619, rel_err=0.140893

C:\Users\stanroozen\Documents\Projects\reaktoro-dev\reaktoro\Reaktoro\Extensions\DEW\WaterDEW.test.cxx(784): FAILED:
  CHECK( almost_equal(log_K_model, log_K_truth, LOGK_ABS_TOL, LOGK_REL_TOL) )
with expansion:
  false
with message:
  log K mismatch at T=300┬░C, P=55kb: model=0.0853661, truth=0.0994325,
  abs_err=0.0140664, rel_err=0.141467

C:\Users\stanroozen\Documents\Projects\reaktoro-dev\reaktoro\Reaktoro\Extensions\DEW\WaterDEW.test.cxx(772): FAILED:
  CHECK( almost_equal(G_rxn_model, G_rxn_truth, G_ABS_TOL, G_REL_TOL) )
with expansion:
  false
with message:
  ╬öGr mismatch at T=350┬░C, P=55kb: model=5487.48, truth=5323.36, abs_err=164.
  119, rel_err=0.03083

C:\Users\stanroozen\Documents\Projects\reaktoro-dev\reaktoro\Reaktoro\Extensions\DEW\WaterDEW.test.cxx(784): FAILED:
  CHECK( almost_equal(log_K_model, log_K_truth, LOGK_ABS_TOL, LOGK_REL_TOL) )
with expansion:
  false
with message:
  log K mismatch at T=350┬░C, P=55kb: model=-0.459971, truth=-0.446512,
  abs_err=0.0134587, rel_err=0.0301417

C:\Users\stanroozen\Documents\Projects\reaktoro-dev\reaktoro\Reaktoro\Extensions\DEW\WaterDEW.test.cxx(772): FAILED:
  CHECK( almost_equal(G_rxn_model, G_rxn_truth, G_ABS_TOL, G_REL_TOL) )
with expansion:
  false
with message:
  ╬öGr mismatch at T=400┬░C, P=55kb: model=12207.1, truth=12029.6, abs_err=177.
  497, rel_err=0.014755

C:\Users\stanroozen\Documents\Projects\reaktoro-dev\reaktoro\Reaktoro\Extensions\DEW\WaterDEW.test.cxx(784): FAILED:
  CHECK( almost_equal(log_K_model, log_K_truth, LOGK_ABS_TOL, LOGK_REL_TOL) )
with expansion:
  false
with message:
  log K mismatch at T=400┬░C, P=55kb: model=-0.947221, truth=-0.934071,
  abs_err=0.0131493, rel_err=0.0140774

C:\Users\stanroozen\Documents\Projects\reaktoro-dev\reaktoro\Reaktoro\Extensions\DEW\WaterDEW.test.cxx(772): FAILED:
  CHECK( almost_equal(G_rxn_model, G_rxn_truth, G_ABS_TOL, G_REL_TOL) )
with expansion:
  false
with message:
  ╬öGr mismatch at T=450┬░C, P=55kb: model=19215.4, truth=19019.7, abs_err=195.
  757, rel_err=0.0102924

C:\Users\stanroozen\Documents\Projects\reaktoro-dev\reaktoro\Reaktoro\Extensions\DEW\WaterDEW.test.cxx(784): FAILED:
  CHECK( almost_equal(log_K_model, log_K_truth, LOGK_ABS_TOL, LOGK_REL_TOL) )
with expansion:
  false
with message:
  log K mismatch at T=450┬░C, P=55kb: model=-1.38794, truth=-1.37472, abs_err=
  0.0132218, rel_err=0.00961779

C:\Users\stanroozen\Documents\Projects\reaktoro-dev\reaktoro\Reaktoro\Extensions\DEW\WaterDEW.test.cxx(772): FAILED:
  CHECK( almost_equal(G_rxn_model, G_rxn_truth, G_ABS_TOL, G_REL_TOL) )
with expansion:
  false
with message:
  ╬öGr mismatch at T=500┬░C, P=55kb: model=26495.9, truth=26273.4, abs_err=222.
  462, rel_err=0.00846718

C:\Users\stanroozen\Documents\Projects\reaktoro-dev\reaktoro\Reaktoro\Extensions\DEW\WaterDEW.test.cxx(784): FAILED:
  CHECK( almost_equal(log_K_model, log_K_truth, LOGK_ABS_TOL, LOGK_REL_TOL) )
with expansion:
  false
with message:
  log K mismatch at T=500┬░C, P=55kb: model=-1.79005, truth=-1.77621, abs_err=
  0.0138435, rel_err=0.00779383

C:\Users\stanroozen\Documents\Projects\reaktoro-dev\reaktoro\Reaktoro\Extensions\DEW\WaterDEW.test.cxx(772): FAILED:
  CHECK( almost_equal(G_rxn_model, G_rxn_truth, G_ABS_TOL, G_REL_TOL) )
with expansion:
  false
with message:
  ╬öGr mismatch at T=550┬░C, P=55kb: model=34030.5, truth=33770, abs_err=260.
  586, rel_err=0.0077165

C:\Users\stanroozen\Documents\Projects\reaktoro-dev\reaktoro\Reaktoro\Extensions\DEW\WaterDEW.test.cxx(784): FAILED:
  CHECK( almost_equal(log_K_model, log_K_truth, LOGK_ABS_TOL, LOGK_REL_TOL) )
with expansion:
  false
with message:
  log K mismatch at T=550┬░C, P=55kb: model=-2.15943, truth=-2.14433, abs_err=
  0.0151039, rel_err=0.00704366

C:\Users\stanroozen\Documents\Projects\reaktoro-dev\reaktoro\Reaktoro\Extensions\DEW\WaterDEW.test.cxx(772): FAILED:
  CHECK( almost_equal(G_rxn_model, G_rxn_truth, G_ABS_TOL, G_REL_TOL) )
with expansion:
  false
with message:
  ╬öGr mismatch at T=600┬░C, P=55kb: model=41823.6, truth=41518.8, abs_err=304.
  863, rel_err=0.00734279

C:\Users\stanroozen\Documents\Projects\reaktoro-dev\reaktoro\Reaktoro\Extensions\DEW\WaterDEW.test.cxx(784): FAILED:
  CHECK( almost_equal(log_K_model, log_K_truth, LOGK_ABS_TOL, LOGK_REL_TOL) )
with expansion:
  false
with message:
  log K mismatch at T=600┬░C, P=55kb: model=-2.50198, truth=-2.4854, abs_err=0.
  0165781, rel_err=0.00667019

C:\Users\stanroozen\Documents\Projects\reaktoro-dev\reaktoro\Reaktoro\Extensions\DEW\WaterDEW.test.cxx(772): FAILED:
  CHECK( almost_equal(G_rxn_model, G_rxn_truth, G_ABS_TOL, G_REL_TOL) )
with expansion:
  false
with message:
  ╬öGr mismatch at T=650┬░C, P=55kb: model=49903.6, truth=49556, abs_err=347.
  626, rel_err=0.00701481

C:\Users\stanroozen\Documents\Projects\reaktoro-dev\reaktoro\Reaktoro\Extensions\DEW\WaterDEW.test.cxx(784): FAILED:
  CHECK( almost_equal(log_K_model, log_K_truth, LOGK_ABS_TOL, LOGK_REL_TOL) )
with expansion:
  false
with message:
  log K mismatch at T=650┬░C, P=55kb: model=-2.82364, truth=-2.80585, abs_err=
  0.0177959, rel_err=0.00634244

C:\Users\stanroozen\Documents\Projects\reaktoro-dev\reaktoro\Reaktoro\Extensions\DEW\WaterDEW.test.cxx(772): FAILED:
  CHECK( almost_equal(G_rxn_model, G_rxn_truth, G_ABS_TOL, G_REL_TOL) )
with expansion:
  false
with message:
  ╬öGr mismatch at T=700┬░C, P=55kb: model=58293.7, truth=57906.6, abs_err=387.
  092, rel_err=0.00668477

C:\Users\stanroozen\Documents\Projects\reaktoro-dev\reaktoro\Reaktoro\Extensions\DEW\WaterDEW.test.cxx(784): FAILED:
  CHECK( almost_equal(log_K_model, log_K_truth, LOGK_ABS_TOL, LOGK_REL_TOL) )
with expansion:
  false
with message:
  log K mismatch at T=700┬░C, P=55kb: model=-3.1289, truth=-3.1102, abs_err=0.
  0187004, rel_err=0.00601262

C:\Users\stanroozen\Documents\Projects\reaktoro-dev\reaktoro\Reaktoro\Extensions\DEW\WaterDEW.test.cxx(772): FAILED:
  CHECK( almost_equal(G_rxn_model, G_rxn_truth, G_ABS_TOL, G_REL_TOL) )
with expansion:
  false
with message:
  ╬öGr mismatch at T=750┬░C, P=55kb: model=67002.4, truth=66578.7, abs_err=423.
  73, rel_err=0.00636435

C:\Users\stanroozen\Documents\Projects\reaktoro-dev\reaktoro\Reaktoro\Extensions\DEW\WaterDEW.test.cxx(784): FAILED:
  CHECK( almost_equal(log_K_model, log_K_truth, LOGK_ABS_TOL, LOGK_REL_TOL) )
with expansion:
  false
with message:
  log K mismatch at T=750┬░C, P=55kb: model=-3.42059, truth=-3.40123, abs_err=
  0.0193612, rel_err=0.00569241

C:\Users\stanroozen\Documents\Projects\reaktoro-dev\reaktoro\Reaktoro\Extensions\DEW\WaterDEW.test.cxx(772): FAILED:
  CHECK( almost_equal(G_rxn_model, G_rxn_truth, G_ABS_TOL, G_REL_TOL) )
with expansion:
  false
with message:
  ╬öGr mismatch at T=800┬░C, P=55kb: model=76028, truth=75569.6, abs_err=458.
  438, rel_err=0.00606643

C:\Users\stanroozen\Documents\Projects\reaktoro-dev\reaktoro\Reaktoro\Extensions\DEW\WaterDEW.test.cxx(784): FAILED:
  CHECK( almost_equal(log_K_model, log_K_truth, LOGK_ABS_TOL, LOGK_REL_TOL) )
with expansion:
  false
with message:
  log K mismatch at T=800┬░C, P=55kb: model=-3.70053, truth=-3.68067, abs_err=
  0.0198561, rel_err=0.00539469

C:\Users\stanroozen\Documents\Projects\reaktoro-dev\reaktoro\Reaktoro\Extensions\DEW\WaterDEW.test.cxx(772): FAILED:
  CHECK( almost_equal(G_rxn_model, G_rxn_truth, G_ABS_TOL, G_REL_TOL) )
with expansion:
  false
with message:
  ╬öGr mismatch at T=850┬░C, P=55kb: model=85361.4, truth=84869.8, abs_err=491.
  606, rel_err=0.00579247

C:\Users\stanroozen\Documents\Projects\reaktoro-dev\reaktoro\Reaktoro\Extensions\DEW\WaterDEW.test.cxx(784): FAILED:
  CHECK( almost_equal(log_K_model, log_K_truth, LOGK_ABS_TOL, LOGK_REL_TOL) )
with expansion:
  false
with message:
  log K mismatch at T=850┬░C, P=55kb: model=-3.96985, truth=-3.94962, abs_err=
  0.0202257, rel_err=0.00512091

C:\Users\stanroozen\Documents\Projects\reaktoro-dev\reaktoro\Reaktoro\Extensions\DEW\WaterDEW.test.cxx(772): FAILED:
  CHECK( almost_equal(G_rxn_model, G_rxn_truth, G_ABS_TOL, G_REL_TOL) )
with expansion:
  false
with message:
  ╬öGr mismatch at T=900┬░C, P=55kb: model=94988.3, truth=94464.9, abs_err=523.
  386, rel_err=0.00554054

C:\Users\stanroozen\Documents\Projects\reaktoro-dev\reaktoro\Reaktoro\Extensions\DEW\WaterDEW.test.cxx(784): FAILED:
  CHECK( almost_equal(log_K_model, log_K_truth, LOGK_ABS_TOL, LOGK_REL_TOL) )
with expansion:
  false
with message:
  log K mismatch at T=900┬░C, P=55kb: model=-4.22928, truth=-4.20879, abs_err=
  0.0204932, rel_err=0.00486915

C:\Users\stanroozen\Documents\Projects\reaktoro-dev\reaktoro\Reaktoro\Extensions\DEW\WaterDEW.test.cxx(772): FAILED:
  CHECK( almost_equal(G_rxn_model, G_rxn_truth, G_ABS_TOL, G_REL_TOL) )
with expansion:
  false
with message:
  ╬öGr mismatch at T=950┬░C, P=55kb: model=104890, truth=104336, abs_err=554.
  207, rel_err=0.00531174

C:\Users\stanroozen\Documents\Projects\reaktoro-dev\reaktoro\Reaktoro\Extensions\DEW\WaterDEW.test.cxx(784): FAILED:
  CHECK( almost_equal(log_K_model, log_K_truth, LOGK_ABS_TOL, LOGK_REL_TOL) )
with expansion:
  false
with message:
  log K mismatch at T=950┬░C, P=55kb: model=-4.47926, truth=-4.45857, abs_err=
  0.02069, rel_err=0.00464051

C:\Users\stanroozen\Documents\Projects\reaktoro-dev\reaktoro\Reaktoro\Extensions\DEW\WaterDEW.test.cxx(772): FAILED:
  CHECK( almost_equal(G_rxn_model, G_rxn_truth, G_ABS_TOL, G_REL_TOL) )
with expansion:
  false
with message:
  ╬öGr mismatch at T=1000┬░C, P=55kb: model=115046, truth=114462, abs_err=584.
  065, rel_err=0.0051027

C:\Users\stanroozen\Documents\Projects\reaktoro-dev\reaktoro\Reaktoro\Extensions\DEW\WaterDEW.test.cxx(784): FAILED:
  CHECK( almost_equal(log_K_model, log_K_truth, LOGK_ABS_TOL, LOGK_REL_TOL) )
with expansion:
  false
with message:
  log K mismatch at T=1000┬░C, P=55kb: model=-4.72001, truth=-4.69918, abs_err=
  0.0208249, rel_err=0.0044316

C:\Users\stanroozen\Documents\Projects\reaktoro-dev\reaktoro\Reaktoro\Extensions\DEW\WaterDEW.test.cxx(772): FAILED:
  CHECK( almost_equal(G_rxn_model, G_rxn_truth, G_ABS_TOL, G_REL_TOL) )
with expansion:
  false
with message:
  ╬öGr mismatch at T=300┬░C, P=60kb: model=-5989.16, truth=-6157.89, abs_err=
  168.732, rel_err=0.0274009

C:\Users\stanroozen\Documents\Projects\reaktoro-dev\reaktoro\Reaktoro\Extensions\DEW\WaterDEW.test.cxx(784): FAILED:
  CHECK( almost_equal(log_K_model, log_K_truth, LOGK_ABS_TOL, LOGK_REL_TOL) )
with expansion:
  false
with message:
  log K mismatch at T=300┬░C, P=60kb: model=0.545818, truth=0.56157, abs_err=0.
  0157522, rel_err=0.0280503

C:\Users\stanroozen\Documents\Projects\reaktoro-dev\reaktoro\Reaktoro\Extensions\DEW\WaterDEW.test.cxx(772): FAILED:
  CHECK( almost_equal(G_rxn_model, G_rxn_truth, G_ABS_TOL, G_REL_TOL) )
with expansion:
  false
with message:
  ╬öGr mismatch at T=350┬░C, P=60kb: model=342.467, truth=162.406, abs_err=180.
  061, rel_err=1.10871

C:\Users\stanroozen\Documents\Projects\reaktoro-dev\reaktoro\Reaktoro\Extensions\DEW\WaterDEW.test.cxx(784): FAILED:
  CHECK( almost_equal(log_K_model, log_K_truth, LOGK_ABS_TOL, LOGK_REL_TOL) )
with expansion:
  false
with message:
  log K mismatch at T=350┬░C, P=60kb: model=-0.0287063, truth=-0.0136223,
  abs_err=0.015084, rel_err=1.1073

C:\Users\stanroozen\Documents\Projects\reaktoro-dev\reaktoro\Reaktoro\Extensions\DEW\WaterDEW.test.cxx(772): FAILED:
  CHECK( almost_equal(G_rxn_model, G_rxn_truth, G_ABS_TOL, G_REL_TOL) )
with expansion:
  false
with message:
  ╬öGr mismatch at T=400┬░C, P=60kb: model=6963.89, truth=6769.36, abs_err=194.
  536, rel_err=0.0287377

C:\Users\stanroozen\Documents\Projects\reaktoro-dev\reaktoro\Reaktoro\Extensions\DEW\WaterDEW.test.cxx(784): FAILED:
  CHECK( almost_equal(log_K_model, log_K_truth, LOGK_ABS_TOL, LOGK_REL_TOL) )
with expansion:
  false
with message:
  log K mismatch at T=400┬░C, P=60kb: model=-0.540369, truth=-0.525625,
  abs_err=0.0147442, rel_err=0.0280508

C:\Users\stanroozen\Documents\Projects\reaktoro-dev\reaktoro\Reaktoro\Extensions\DEW\WaterDEW.test.cxx(772): FAILED:
  CHECK( almost_equal(G_rxn_model, G_rxn_truth, G_ABS_TOL, G_REL_TOL) )
with expansion:
  false
with message:
  ╬öGr mismatch at T=450┬░C, P=60kb: model=13868.1, truth=13653.7, abs_err=214.
  382, rel_err=0.0157014

C:\Users\stanroozen\Documents\Projects\reaktoro-dev\reaktoro\Reaktoro\Extensions\DEW\WaterDEW.test.cxx(784): FAILED:
  CHECK( almost_equal(log_K_model, log_K_truth, LOGK_ABS_TOL, LOGK_REL_TOL) )
with expansion:
  false
with message:
  log K mismatch at T=450┬░C, P=60kb: model=-1.0017, truth=-0.986874, abs_err=
  0.014826, rel_err=0.0150232

C:\Users\stanroozen\Documents\Projects\reaktoro-dev\reaktoro\Reaktoro\Extensions\DEW\WaterDEW.test.cxx(772): FAILED:
  CHECK( almost_equal(G_rxn_model, G_rxn_truth, G_ABS_TOL, G_REL_TOL) )
with expansion:
  false
with message:
  ╬öGr mismatch at T=500┬░C, P=60kb: model=21038.4, truth=20795, abs_err=243.
  449, rel_err=0.0117071

C:\Users\stanroozen\Documents\Projects\reaktoro-dev\reaktoro\Reaktoro\Extensions\DEW\WaterDEW.test.cxx(784): FAILED:
  CHECK( almost_equal(log_K_model, log_K_truth, LOGK_ABS_TOL, LOGK_REL_TOL) )
with expansion:
  false
with message:
  log K mismatch at T=500┬░C, P=60kb: model=-1.42135, truth=-1.40584, abs_err=
  0.0155086, rel_err=0.0110316

C:\Users\stanroozen\Documents\Projects\reaktoro-dev\reaktoro\Reaktoro\Extensions\DEW\WaterDEW.test.cxx(772): FAILED:
  CHECK( almost_equal(G_rxn_model, G_rxn_truth, G_ABS_TOL, G_REL_TOL) )
with expansion:
  false
with message:
  ╬öGr mismatch at T=550┬░C, P=60kb: model=28457, truth=28171.9, abs_err=285.1,
  rel_err=0.01012

C:\Users\stanroozen\Documents\Projects\reaktoro-dev\reaktoro\Reaktoro\Extensions\DEW\WaterDEW.test.cxx(784): FAILED:
  CHECK( almost_equal(log_K_model, log_K_truth, LOGK_ABS_TOL, LOGK_REL_TOL) )
with expansion:
  false
with message:
  log K mismatch at T=550┬░C, P=60kb: model=-1.80576, truth=-1.78886, abs_err=
  0.0168968, rel_err=0.00944557

C:\Users\stanroozen\Documents\Projects\reaktoro-dev\reaktoro\Reaktoro\Extensions\DEW\WaterDEW.test.cxx(772): FAILED:
  CHECK( almost_equal(G_rxn_model, G_rxn_truth, G_ABS_TOL, G_REL_TOL) )
with expansion:
  false
with message:
  ╬öGr mismatch at T=600┬░C, P=60kb: model=36128.2, truth=35794.7, abs_err=333.
  539, rel_err=0.00931813

C:\Users\stanroozen\Documents\Projects\reaktoro-dev\reaktoro\Reaktoro\Extensions\DEW\WaterDEW.test.cxx(784): FAILED:
  CHECK( almost_equal(log_K_model, log_K_truth, LOGK_ABS_TOL, LOGK_REL_TOL) )
with expansion:
  false
with message:
  log K mismatch at T=600┬░C, P=60kb: model=-2.16126, truth=-2.14274, abs_err=
  0.0185223, rel_err=0.00864422

C:\Users\stanroozen\Documents\Projects\reaktoro-dev\reaktoro\Reaktoro\Extensions\DEW\WaterDEW.test.cxx(772): FAILED:
  CHECK( almost_equal(G_rxn_model, G_rxn_truth, G_ABS_TOL, G_REL_TOL) )
with expansion:
  false
with message:
  ╬öGr mismatch at T=650┬░C, P=60kb: model=44080.9, truth=43700.8, abs_err=380.
  128, rel_err=0.00869842

C:\Users\stanroozen\Documents\Projects\reaktoro-dev\reaktoro\Reaktoro\Extensions\DEW\WaterDEW.test.cxx(784): FAILED:
  CHECK( almost_equal(log_K_model, log_K_truth, LOGK_ABS_TOL, LOGK_REL_TOL) )
with expansion:
  false
with message:
  log K mismatch at T=650┬░C, P=60kb: model=-2.49418, truth=-2.47433, abs_err=
  0.0198563, rel_err=0.00802492

C:\Users\stanroozen\Documents\Projects\reaktoro-dev\reaktoro\Reaktoro\Extensions\DEW\WaterDEW.test.cxx(772): FAILED:
  CHECK( almost_equal(G_rxn_model, G_rxn_truth, G_ABS_TOL, G_REL_TOL) )
with expansion:
  false
with message:
  ╬öGr mismatch at T=700┬░C, P=60kb: model=52338.3, truth=51915, abs_err=423.
  294, rel_err=0.0081536

C:\Users\stanroozen\Documents\Projects\reaktoro-dev\reaktoro\Reaktoro\Extensions\DEW\WaterDEW.test.cxx(784): FAILED:
  CHECK( almost_equal(log_K_model, log_K_truth, LOGK_ABS_TOL, LOGK_REL_TOL) )
with expansion:
  false
with message:
  log K mismatch at T=700┬░C, P=60kb: model=-2.80925, truth=-2.78839, abs_err=
  0.0208584, rel_err=0.00748046

C:\Users\stanroozen\Documents\Projects\reaktoro-dev\reaktoro\Reaktoro\Extensions\DEW\WaterDEW.test.cxx(772): FAILED:
  CHECK( almost_equal(G_rxn_model, G_rxn_truth, G_ABS_TOL, G_REL_TOL) )
with expansion:
  false
with message:
  ╬öGr mismatch at T=750┬░C, P=60kb: model=60909.4, truth=60446.4, abs_err=463.
  032, rel_err=0.00766021

C:\Users\stanroozen\Documents\Projects\reaktoro-dev\reaktoro\Reaktoro\Extensions\DEW\WaterDEW.test.cxx(784): FAILED:
  CHECK( almost_equal(log_K_model, log_K_truth, LOGK_ABS_TOL, LOGK_REL_TOL) )
with expansion:
  false
with message:
  log K mismatch at T=750┬░C, P=60kb: model=-3.10953, truth=-3.08796, abs_err=
  0.0215768, rel_err=0.0069874

C:\Users\stanroozen\Documents\Projects\reaktoro-dev\reaktoro\Reaktoro\Extensions\DEW\WaterDEW.test.cxx(772): FAILED:
  CHECK( almost_equal(G_rxn_model, G_rxn_truth, G_ABS_TOL, G_REL_TOL) )
with expansion:
  false
with message:
  ╬öGr mismatch at T=800┬░C, P=60kb: model=69792.6, truth=69291.7, abs_err=500.
  877, rel_err=0.00722853

C:\Users\stanroozen\Documents\Projects\reaktoro-dev\reaktoro\Reaktoro\Extensions\DEW\WaterDEW.test.cxx(784): FAILED:
  CHECK( almost_equal(log_K_model, log_K_truth, LOGK_ABS_TOL, LOGK_REL_TOL) )
with expansion:
  false
with message:
  log K mismatch at T=800┬░C, P=60kb: model=-3.39703, truth=-3.3749, abs_err=0.
  0221259, rel_err=0.00655601

C:\Users\stanroozen\Documents\Projects\reaktoro-dev\reaktoro\Reaktoro\Extensions\DEW\WaterDEW.test.cxx(772): FAILED:
  CHECK( almost_equal(G_rxn_model, G_rxn_truth, G_ABS_TOL, G_REL_TOL) )
with expansion:
  false
with message:
  ╬öGr mismatch at T=850┬░C, P=60kb: model=78979.1, truth=78442.2, abs_err=536.
  905, rel_err=0.00684459

C:\Users\stanroozen\Documents\Projects\reaktoro-dev\reaktoro\Reaktoro\Extensions\DEW\WaterDEW.test.cxx(784): FAILED:
  CHECK( almost_equal(log_K_model, log_K_truth, LOGK_ABS_TOL, LOGK_REL_TOL) )
with expansion:
  false
with message:
  log K mismatch at T=850┬░C, P=60kb: model=-3.67303, truth=-3.6505, abs_err=0.
  0225321, rel_err=0.00617233

C:\Users\stanroozen\Documents\Projects\reaktoro-dev\reaktoro\Reaktoro\Extensions\DEW\WaterDEW.test.cxx(772): FAILED:
  CHECK( almost_equal(G_rxn_model, G_rxn_truth, G_ABS_TOL, G_REL_TOL) )
with expansion:
  false
with message:
  ╬öGr mismatch at T=900┬░C, P=60kb: model=88454.9, truth=87883.4, abs_err=571.
  579, rel_err=0.00650383

C:\Users\stanroozen\Documents\Projects\reaktoro-dev\reaktoro\Reaktoro\Extensions\DEW\WaterDEW.test.cxx(784): FAILED:
  CHECK( almost_equal(log_K_model, log_K_truth, LOGK_ABS_TOL, LOGK_REL_TOL) )
with expansion:
  false
with message:
  log K mismatch at T=900┬░C, P=60kb: model=-3.93839, truth=-3.91556, abs_err=
  0.0228347, rel_err=0.0058318

C:\Users\stanroozen\Documents\Projects\reaktoro-dev\reaktoro\Reaktoro\Extensions\DEW\WaterDEW.test.cxx(772): FAILED:
  CHECK( almost_equal(G_rxn_model, G_rxn_truth, G_ABS_TOL, G_REL_TOL) )
with expansion:
  false
with message:
  ╬öGr mismatch at T=950┬░C, P=60kb: model=98202.3, truth=97597, abs_err=605.
  263, rel_err=0.00620165

C:\Users\stanroozen\Documents\Projects\reaktoro-dev\reaktoro\Reaktoro\Extensions\DEW\WaterDEW.test.cxx(784): FAILED:
  CHECK( almost_equal(log_K_model, log_K_truth, LOGK_ABS_TOL, LOGK_REL_TOL) )
with expansion:
  false
with message:
  log K mismatch at T=950┬░C, P=60kb: model=-4.19365, truth=-4.17059, abs_err=
  0.0230626, rel_err=0.00552982

C:\Users\stanroozen\Documents\Projects\reaktoro-dev\reaktoro\Reaktoro\Extensions\DEW\WaterDEW.test.cxx(772): FAILED:
  CHECK( almost_equal(G_rxn_model, G_rxn_truth, G_ABS_TOL, G_REL_TOL) )
with expansion:
  false
with message:
  ╬öGr mismatch at T=1000┬░C, P=60kb: model=108200, truth=107562, abs_err=637.
  598, rel_err=0.00592772

C:\Users\stanroozen\Documents\Projects\reaktoro-dev\reaktoro\Reaktoro\Extensions\DEW\WaterDEW.test.cxx(784): FAILED:
  CHECK( almost_equal(log_K_model, log_K_truth, LOGK_ABS_TOL, LOGK_REL_TOL) )
with expansion:
  false
with message:
  log K mismatch at T=1000┬░C, P=60kb: model=-4.43912, truth=-4.41591, abs_err=
  0.0232103, rel_err=0.00525607


Tested 179 conditions, 50 passed.
╬öGr absolute error: min=10.5505, max=637.598, avg=202.914 J/mol
╬öGr relative error: min=0.0184396%, max=110.871%, avg=1.07522%
╬öVr absolute error: min=3.56232e-05, max=0.00101826, avg=0.000245759 cm┬│/mol
╬öVr relative error: min=3.02963e-05%, max=0.00186811%, avg=0.00148828%
log K absolute error: min=1.94632e-05, max=0.0232103, avg=0.00849186 
log K relative error: min=0.000317186%, max=110.73%, avg=1.01966%
C:\Users\stanroozen\Documents\Projects\reaktoro-dev\reaktoro\Reaktoro\Extensions\DEW\WaterDEW.test.cxx(811): FAILED:
  REQUIRE( passed_count == test_count )
with expansion:
  50 == 179

===============================================================================
test cases:   191 |   186 passed |   5 failed
assertions: 15094 | 14888 passed | 206 failed

[0m
