Using local reaktoro4py extension from C:\Users\stanroozen\Documents\Projects\reaktoro-dev\reaktoro\build-dew\Reaktoro\Release.
================================================================================
Enstatite Solubility Analysis - Reaktoro DEW2024
Mineral: MgSiO3
Solute species: SiO2_aq
Aqueous backend: PerplexDEW (Davies)
Quick evaluation mode: disabled
Uncertainty: entity=en, samples=2, CI=95.0%
Covariance JSON: C:\Users\stanroozen\Documents\Projects\reaktoro-dev\reaktoro\embedded\databases\hollandpowell\tc-ds62-covariance.json
Mineral DB JSON: C:\Users\stanroozen\Documents\Projects\reaktoro-dev\reaktoro\embedded\databases\hollandpowell\tc-ds62-reaktoro.json
Mineral species code: en
Note: uncertainty currently propagates mineral database covariance only (aqueous covariance unavailable).
================================================================================

[1] Loading experimental data...
    Loaded 23 experimental data points
    Temperature range: 700 - 900 °C
    Pressure range: 10.000 - 10.000 kbar
    Experiments: 1
    Psat experiments: 0 points
    Non-Psat experiments: 23 points at 0 pressures

[2] Initializing Reaktoro databases...
    Successfully loaded DEW2024 aqueous database
    Successfully loaded SUPCRTBL mineral database
    Included 13 aqueous species after filtering.
    All requested aqueous species found in DEW database.
[OK] PerplexDEW configured: EOS=ZhangDuan2005; DH model=Davies; phase activity=ActivityModelPerplexDEW
[OK] System built for en solubility (display=Enstatite, backend=PerplexDEW)

[2b] Loading covariance and drawing Monte Carlo samples...
    Loaded covariance for 256 entities. en sigma = 19.726 J/mol
    Covariance diagnostics: PSD=True, rank=247/256, cond=1.180e+07
    Relevant mineral entities with uncertainty: 256 (example: fo, fa, teph, lrn, mont, chum, chdr, mwd, fwd, mrw)
    Generated 2 covariance-consistent samples.

[3] Calculating enstatite solubility curves...
    P = 10.000 kbar (10000 bar)...
       Calculated 100/100 points (T: 690-910°C)
    P = Psat curve skipped (no Psat experimental points in dataset).

[3b] Full-forward uncertainty propagation (sampled mineral databases)...
    Running 2 forward solves over 1 pressure curves...
    Sample 1/2...
    Included 13 aqueous species after filtering.
    All requested aqueous species found in DEW database.
[OK] PerplexDEW configured: EOS=ZhangDuan2005; DH model=Davies; phase activity=ActivityModelPerplexDEW
[OK] System built for en solubility (display=Enstatite, backend=PerplexDEW)
    Sample 2/2...
    Included 13 aqueous species after filtering.
    All requested aqueous species found in DEW database.
[OK] PerplexDEW configured: EOS=ZhangDuan2005; DH model=Davies; phase activity=ActivityModelPerplexDEW
[OK] System built for en solubility (display=Enstatite, backend=PerplexDEW)
    Full-forward uncertainty complete: 2/2 samples evaluated successfully.

[4] Creating plots...
    Creating combined-pressure plot...
    Combined plot saved to: C:\Users\stanroozen\Documents\Projects\reaktoro-dev\reaktoro\DEW_Experimental_Benchmark\Mineral_Solubilities\enstatitefosterite_solubility_comparison_all_P_dew24_PerplexDEW_Davies_uncertainty.png
    High-P split plot generation disabled (single combined plot mode).
    Creating residual plots...
    Residual plots saved to: C:\Users\stanroozen\Documents\Projects\reaktoro-dev\reaktoro\DEW_Experimental_Benchmark\Mineral_Solubilities\enstatitefosterite_solubility_residuals_dew24_PerplexDEW_Davies_uncertainty.png
    Residual data saved to: C:\Users\stanroozen\Documents\Projects\reaktoro-dev\reaktoro\DEW_Experimental_Benchmark\Mineral_Solubilities\enstatitefosterite_residuals_dew24_PerplexDEW_Davies_uncertainty.csv
    Curve data saved to: C:\Users\stanroozen\Documents\Projects\reaktoro-dev\reaktoro\DEW_Experimental_Benchmark\Mineral_Solubilities\enstatitefosterite_curves_dew24_PerplexDEW_Davies_uncertainty.csv
    Uncertainty summary saved to: C:\Users\stanroozen\Documents\Projects\reaktoro-dev\reaktoro\DEW_Experimental_Benchmark\Mineral_Solubilities\enstatitefosterite_uncertainty_summary_dew24_PerplexDEW_Davies_uncertainty.csv

================================================================================
Analysis complete!
================================================================================
